Archive member included to satisfy reference by file (symbol)

/Users/anitapereira/atividade-comunica-o-2-tradicionais/.pio/build/frdm_kl25z/zephyr/libzephyr.a(heap.c.o)
                              (--whole-archive)
/Users/anitapereira/atividade-comunica-o-2-tradicionais/.pio/build/frdm_kl25z/zephyr/libzephyr.a(cbprintf_packaged.c.o)
                              (--whole-archive)
/Users/anitapereira/atividade-comunica-o-2-tradicionais/.pio/build/frdm_kl25z/zephyr/libzephyr.a(clock.c.o)
                              (--whole-archive)
/Users/anitapereira/atividade-comunica-o-2-tradicionais/.pio/build/frdm_kl25z/zephyr/libzephyr.a(printk.c.o)
                              (--whole-archive)
/Users/anitapereira/atividade-comunica-o-2-tradicionais/.pio/build/frdm_kl25z/zephyr/libzephyr.a(sem.c.o)
                              (--whole-archive)
/Users/anitapereira/atividade-comunica-o-2-tradicionais/.pio/build/frdm_kl25z/zephyr/libzephyr.a(thread_entry.c.o)
                              (--whole-archive)
/Users/anitapereira/atividade-comunica-o-2-tradicionais/.pio/build/frdm_kl25z/zephyr/libzephyr.a(cbprintf_complete.c.o)
                              (--whole-archive)
/Users/anitapereira/atividade-comunica-o-2-tradicionais/.pio/build/frdm_kl25z/zephyr/libzephyr.a(assert.c.o)
                              (--whole-archive)
/Users/anitapereira/atividade-comunica-o-2-tradicionais/.pio/build/frdm_kl25z/zephyr/libzephyr.a(mpsc_pbuf.c.o)
                              (--whole-archive)
/Users/anitapereira/atividade-comunica-o-2-tradicionais/.pio/build/frdm_kl25z/zephyr/libzephyr.a(dec.c.o)
                              (--whole-archive)
/Users/anitapereira/atividade-comunica-o-2-tradicionais/.pio/build/frdm_kl25z/zephyr/libzephyr.a(hex.c.o)
                              (--whole-archive)
/Users/anitapereira/atividade-comunica-o-2-tradicionais/.pio/build/frdm_kl25z/zephyr/libzephyr.a(rb.c.o)
                              (--whole-archive)
/Users/anitapereira/atividade-comunica-o-2-tradicionais/.pio/build/frdm_kl25z/zephyr/libzephyr.a(timeutil.c.o)
                              (--whole-archive)
/Users/anitapereira/atividade-comunica-o-2-tradicionais/.pio/build/frdm_kl25z/zephyr/libzephyr.a(bitarray.c.o)
                              (--whole-archive)
/Users/anitapereira/atividade-comunica-o-2-tradicionais/.pio/build/frdm_kl25z/zephyr/libzephyr.a(ring_buffer.c.o)
                              (--whole-archive)
/Users/anitapereira/atividade-comunica-o-2-tradicionais/.pio/build/frdm_kl25z/zephyr/libzephyr.a(last_section_id.c.o)
                              (--whole-archive)
/Users/anitapereira/atividade-comunica-o-2-tradicionais/.pio/build/frdm_kl25z/zephyr/libzephyr.a(configs.c.o)
                              (--whole-archive)
/Users/anitapereira/atividade-comunica-o-2-tradicionais/.pio/build/frdm_kl25z/zephyr/libzephyr.a(flash_configuration.c.o)
                              (--whole-archive)
/Users/anitapereira/atividade-comunica-o-2-tradicionais/.pio/build/frdm_kl25z/zephyr/libzephyr.a(soc.c.o)
                              (--whole-archive)
/Users/anitapereira/atividade-comunica-o-2-tradicionais/.pio/build/frdm_kl25z/zephyr/libzephyr.a(thread_info.c.o)
                              (--whole-archive)
/Users/anitapereira/atividade-comunica-o-2-tradicionais/.pio/build/frdm_kl25z/zephyr/libzephyr.a(log_core.c.o)
                              (--whole-archive)
/Users/anitapereira/atividade-comunica-o-2-tradicionais/.pio/build/frdm_kl25z/zephyr/libzephyr.a(log_mgmt.c.o)
                              (--whole-archive)
/Users/anitapereira/atividade-comunica-o-2-tradicionais/.pio/build/frdm_kl25z/zephyr/libzephyr.a(log_cache.c.o)
                              (--whole-archive)
/Users/anitapereira/atividade-comunica-o-2-tradicionais/.pio/build/frdm_kl25z/zephyr/libzephyr.a(log_msg.c.o)
                              (--whole-archive)
/Users/anitapereira/atividade-comunica-o-2-tradicionais/.pio/build/frdm_kl25z/zephyr/libzephyr.a(log_output.c.o)
                              (--whole-archive)
/Users/anitapereira/atividade-comunica-o-2-tradicionais/.pio/build/frdm_kl25z/zephyr/libzephyr.a(log_backend_uart.c.o)
                              (--whole-archive)
/Users/anitapereira/atividade-comunica-o-2-tradicionais/.pio/build/frdm_kl25z/zephyr/libzephyr.a(tracing_none.c.o)
                              (--whole-archive)
/Users/anitapereira/atividade-comunica-o-2-tradicionais/.pio/build/frdm_kl25z/zephyr/arch/common/libarch__common.a(sw_isr_common.c.o)
                              (--whole-archive)
/Users/anitapereira/atividade-comunica-o-2-tradicionais/.pio/build/frdm_kl25z/zephyr/arch/common/libarch__common.a(dynamic_isr.c.o)
                              (--whole-archive)
/Users/anitapereira/atividade-comunica-o-2-tradicionais/.pio/build/frdm_kl25z/zephyr/arch/arch/arm/core/libarch__arm__core.a(fatal.c.o)
                              (--whole-archive)
[...]
Memory Configuration

Name             Origin             Length             Attributes
FLASH            0x0000000000000000 0x0000000000020000 xr
RAM              0x000000001ffff000 0x0000000000004000 xw
IDT_LIST         0x00000000ffff7fff 0x0000000000008000 xw
*default*        0x0000000000000000 0xffffffffffffffff

Linker script and memory map

LOAD .pio/build/frdm_kl25z/zephyr_pre0/zephyr/misc/empty_file.c.o
LOAD .pio/build/frdm_kl25z/src/main.o
LOAD .pio/build/frdm_kl25z/zephyr_final/zephyr/misc/empty_file.c.o
LOAD .pio/build/frdm_kl25z/zephyr_final/zephyr/isr_tables.c.o
LOAD /Users/anitapereira/atividade-comunica-o-2-tradicionais/.pio/build/frdm_kl25z/zephyr/libzephyr.a
LOAD /Users/anitapereira/atividade-comunica-o-2-tradicionais/.pio/build/frdm_kl25z/zephyr/arch/common/libarch__common.a
LOAD /Users/anitapereira/atividade-comunica-o-2-tradicionais/.pio/build/frdm_kl25z/zephyr/arch/arch/arm/core/libarch__arm__core.a
LOAD /Users/anitapereira/atividade-comunica-o-2-tradicionais/.pio/build/frdm_kl25z/zephyr/arch/arch/arm/core/cortex_m/libarch__arm__core__cortex_m.a
LOAD /Users/anitapereira/atividade-comunica-o-2-tradicionais/.pio/build/frdm_kl25z/zephyr/lib/libc/picolibc/liblib__libc__picolibc.a
LOAD /Users/anitapereira/atividade-comunica-o-2-tradicionais/.pio/build/frdm_kl25z/zephyr/lib/libc/common/liblib__libc__common.a
LOAD /Users/anitapereira/atividade-comunica-o-2-tradicionais/.pio/build/frdm_kl25z/zephyr/drivers/clock_control/libdrivers__clock_control.a
LOAD /Users/anitapereira/atividade-comunica-o-2-tradicionais/.pio/build/frdm_kl25z/zephyr/drivers/console/libdrivers__console.a
LOAD /Users/anitapereira/atividade-comunica-o-2-tradicionais/.pio/build/frdm_kl25z/zephyr/drivers/gpio/libdrivers__gpio.a
LOAD /Users/anitapereira/atividade-comunica-o-2-tradicionais/.pio/build/frdm_kl25z/zephyr/drivers/pinctrl/libdrivers__pinctrl.a
LOAD /Users/anitapereira/atividade-comunica-o-2-tradicionais/.pio/build/frdm_kl25z/zephyr/drivers/serial/libdrivers__serial.a
LOAD /Users/anitapereira/atividade-comunica-o-2-tradicionais/.pio/build/frdm_kl25z/zephyr/drivers/timer/libdrivers__timer.a
LOAD /Users/anitapereira/atividade-comunica-o-2-tradicionais/.pio/build/frdm_kl25z/modules/_bare_module/lib_pio___bare_module.a
LOAD /Users/anitapereira/atividade-comunica-o-2-tradicionais/.pio/build/frdm_kl25z/modules/hal_nxp/libmodules__hal_nxp.a
LOAD /Users/anitapereira/atividade-comunica-o-2-tradicionais/.pio/build/frdm_kl25z/zephyr/liboffsets.a
LOAD /Users/anitapereira/atividade-comunica-o-2-tradicionais/.pio/build/frdm_kl25z/zephyr/kernel/libkernel.a
LOAD /Users/anitapereira/atividade-comunica-o-2-tradicionais/.pio/build/frdm_kl25z/zephyr/arch/common/libisr_tables.a
LOAD /Users/anitapereira/atividade-comunica-o-2-tradicionais/.pio/build/frdm_kl25z/modules/picolibc/libc.a
LOAD /Users/anitapereira/.platformio/packages/toolchain-gccarmnoneeabi/bin/../lib/gcc/arm-none-eabi/8.2.1/thumb/v6-m/nofp/libgcc.a
                0x0000000000000004                _region_min_align = 0x4

.rel.plt        0x0000000000000000        0x0
 *(SORT_BY_ALIGNMENT(.rel.plt))
                [!provide]                        PROVIDE (__rel_iplt_start = .)
 *(SORT_BY_ALIGNMENT(.rel.iplt))
 .rel.iplt      0x0000000000000000        0x0 .pio/build/frdm_kl25z/src/main.o
                [!provide]                        PROVIDE (__rel_iplt_end = .)

.rela.plt       0x0000000000000000        0x0
 *(SORT_BY_ALIGNMENT(.rela.plt))
                [!provide]                        PROVIDE (__rela_iplt_start = .)
 *(SORT_BY_ALIGNMENT(.rela.iplt))
                [!provide]                        PROVIDE (__rela_iplt_end = .)

.rel.dyn
 *(SORT_BY_ALIGNMENT(.rel.*))

.rela.dyn
 *(SORT_BY_ALIGNMENT(.rela.*))

/DISCARD/
 *(SORT_BY_ALIGNMENT(.plt))
 *(SORT_BY_ALIGNMENT(.iplt))
 *(SORT_BY_ALIGNMENT(.eh_frame))
 *(SORT_BY_ALIGNMENT(.got.plt))
 *(SORT_BY_ALIGNMENT(.igot.plt))
 *(SORT_BY_ALIGNMENT(.got))
 *(SORT_BY_ALIGNMENT(.igot))
 *(SORT_BY_ALIGNMENT(.irq_info*))
 *(SORT_BY_ALIGNMENT(.intList*))
 *(SORT_BY_ALIGNMENT(.note.GNU-stack))
                0x0000000000000000                __rom_region_start = 0x0

rom_start       0x0000000000000000      0x410
                0x0000000000000000                __rom_start_address = .
 FILL mask 0x00
                0x0000000000000000                . = (. + (0x0 - (. - __rom_start_address)))
                0x0000000000000000                . = ALIGN (0x4)
                0x0000000000000000                . = ALIGN (0x100)
                0x0000000000000000                . = ALIGN (0x100)
                0x0000000000000000                _vector_start = .
 *(SORT_BY_ALIGNMENT(.exc_vector_table))
 *(SORT_BY_ALIGNMENT(.exc_vector_table.*))
 .exc_vector_table._vector_table_section
                0x0000000000000000       0x40 /Users/anitapereira/atividade-comunica-o-2-tradicionais/.pio/build/frdm_kl25z/zephyr/arch/arch/arm/core/cortex_m/libarch__arm__core__cortex_m.a(vector_table.S.o)
                0x0000000000000000                _vector_table
 *(SORT_BY_ALIGNMENT(.vectors))
                0x0000000000000040                _vector_end = .
                0x0000000000000040                . = ALIGN (0x4)
 *(SORT_BY_ALIGNMENT(.gnu.linkonce.irq_vector_table*))
 .gnu.linkonce.irq_vector_table
                0x0000000000000040       0x80 .pio/build/frdm_kl25z/zephyr_final/zephyr/isr_tables.c.o
                0x0000000000000040                _irq_vector_table
                0x00000000000000c0                _vector_end = .
                0x0000000000000400                . = 0x400
 *fill*         0x00000000000000c0      0x340 00
 *(SORT_BY_ALIGNMENT(.kinetis_flash_config))
 *(SORT_BY_ALIGNMENT(.kinetis_flash_config.*))
 .kinetis_flash_config."ZEPHYR_BASE/soc/nxp/kinetis/flash_configuration.c".0
                0x0000000000000400       0x10 /Users/anitapereira/atividade-comunica-o-2-tradicionais/.pio/build/frdm_kl25z/zephyr/libzephyr.a(flash_configuration.c.o)
                0x0000000000000400                __kinetis_flash_config

text            0x0000000000000410     0x5194
                0x0000000000000410                __text_region_start = .
 *(SORT_BY_ALIGNMENT(.text))
 .text          0x0000000000000410       0x14 /Users/anitapereira/.platformio/packages/toolchain-gccarmnoneeabi/bin/../lib/gcc/arm-none-eabi/8.2.1/thumb/v6-m/nofp/libgcc.a(_thumb1_case_uqi.o)
                0x0000000000000410                __gnu_thumb1_case_uqi
 .text          0x0000000000000424      0x114 /Users/anitapereira/.platformio/packages/toolchain-gccarmnoneeabi/bin/../lib/gcc/arm-none-eabi/8.2.1/thumb/v6-m/nofp/libgcc.a(_udivsi3.o)
                0x0000000000000424                __udivsi3
                0x0000000000000424                __aeabi_uidiv
                0x0000000000000530                __aeabi_uidivmod
 .text          0x0000000000000538        0x4 /Users/anitapereira/.platformio/packages/toolchain-gccarmnoneeabi/bin/../lib/gcc/arm-none-eabi/8.2.1/thumb/v6-m/nofp/libgcc.a(_dvmd_tls.o)
                0x0000000000000538                __aeabi_ldiv0
                0x0000000000000538                __aeabi_idiv0
 .text          0x000000000000053c       0x3c /Users/anitapereira/.platformio/packages/toolchain-gccarmnoneeabi/bin/../lib/gcc/arm-none-eabi/8.2.1/thumb/v6-m/nofp/libgcc.a(_clzsi2.o)
                0x000000000000053c                __clzsi2
 .text          0x0000000000000578       0x40 /Users/anitapereira/.platformio/packages/toolchain-gccarmnoneeabi/bin/../lib/gcc/arm-none-eabi/8.2.1/thumb/v6-m/nofp/libgcc.a(_ctzsi2.o)
                0x0000000000000578                __ctzsi2
 .text          0x00000000000005b8       0x40 /Users/anitapereira/.platformio/packages/toolchain-gccarmnoneeabi/bin/../lib/gcc/arm-none-eabi/8.2.1/thumb/v6-m/nofp/libgcc.a(_aeabi_uldivmod.o)
                0x00000000000005b8                __aeabi_uldivmod
 .text          0x00000000000005f8      0x1a4 /Users/anitapereira/.platformio/packages/toolchain-gccarmnoneeabi/bin/../lib/gcc/arm-none-eabi/8.2.1/thumb/v6-m/nofp/libgcc.a(_udivmoddi4.o)
                0x00000000000005f8                __udivmoddi4
 .text          0x000000000000079c       0x18 /Users/anitapereira/.platformio/packages/toolchain-gccarmnoneeabi/bin/../lib/gcc/arm-none-eabi/8.2.1/thumb/v6-m/nofp/libgcc.a(_clzdi2.o)
                0x000000000000079c                __clzdi2
 .text          0x00000000000007b4        0xe /Users/anitapereira/atividade-comunica-o-2-tradicionais/.pio/build/frdm_kl25z/modules/picolibc/libc.a(strlen.S.o)
                0x00000000000007b4                strlen
 *(SORT_BY_ALIGNMENT(.text.*))
 *fill*         0x00000000000007c2        0x2 
 .text.serial_cb
                0x00000000000007c4       0x84 .pio/build/frdm_kl25z/src/main.o
                0x00000000000007c4                serial_cb
 .text.print_uart
                0x0000000000000848       0x24 .pio/build/frdm_kl25z/src/main.o
                0x0000000000000848                print_uart
 .text.main     0x000000000000086c       0x9c .pio/build/frdm_kl25z/src/main.o
                0x000000000000086c                main
 .text.cbvprintf_package
                0x0000000000000908      0x368 /Users/anitapereira/atividade-comunica-o-2-tradicionais/.pio/build/frdm_kl25z/zephyr/libzephyr.a(cbprintf_packaged.c.o)
                0x0000000000000908                cbvprintf_package
 .text.cbprintf_package_convert
                0x0000000000000c70      0x428 /Users/anitapereira/atividade-comunica-o-2-tradicionais/.pio/build/frdm_kl25z/zephyr/libzephyr.a(cbprintf_packaged.c.o)
                0x0000000000000c70                cbprintf_package_convert
 .text.__printk_hook_install
                0x0000000000001098        0xc /Users/anitapereira/atividade-comunica-o-2-tradicionais/.pio/build/frdm_kl25z/zephyr/libzephyr.a(printk.c.o)
                0x0000000000001098                __printk_hook_install
 .text.clock_init
                0x00000000000010a4       0x84 /Users/anitapereira/atividade-comunica-o-2-tradicionais/.pio/build/frdm_kl25z/zephyr/libzephyr.a(soc.c.o)
                0x00000000000010a4                clock_init
 .text.enable_logger
                0x0000000000001128       0x5c /Users/anitapereira/atividade-comunica-o-2-tradicionais/.pio/build/frdm_kl25z/zephyr/libzephyr.a(log_core.c.o)
 .text.log_process_thread_timer_expiry_fn
                0x0000000000001184       0x10 /Users/anitapereira/atividade-comunica-o-2-tradicionais/.pio/build/frdm_kl25z/zephyr/libzephyr.a(log_core.c.o)
 .text.activate_foreach_backend
                0x0000000000001194       0x58 /Users/anitapereira/atividade-comunica-o-2-tradicionais/.pio/build/frdm_kl25z/zephyr/libzephyr.a(log_core.c.o)
 .text.z_log_init
                0x00000000000011ec       0x94 /Users/anitapereira/atividade-comunica-o-2-tradicionais/.pio/build/frdm_kl25z/zephyr/libzephyr.a(log_core.c.o)
 .text.log_format_func_t_get
                0x0000000000001280        0xc /Users/anitapereira/atividade-comunica-o-2-tradicionais/.pio/build/frdm_kl25z/zephyr/libzephyr.a(log_core.c.o)
                0x0000000000001280                log_format_func_t_get
 .text.log_set_timestamp_func
                0x000000000000128c       0x20 /Users/anitapereira/atividade-comunica-o-2-tradicionais/.pio/build/frdm_kl25z/zephyr/libzephyr.a(log_core.c.o)
                0x000000000000128c                log_set_timestamp_func
 .text.z_log_notify_backend_enabled
                0x00000000000012ac       0x20 /Users/anitapereira/atividade-comunica-o-2-tradicionais/.pio/build/frdm_kl25z/zephyr/libzephyr.a(log_core.c.o)
                0x00000000000012ac                z_log_notify_backend_enabled
 .text.z_log_dropped
                0x00000000000012cc       0x34 /Users/anitapereira/atividade-comunica-o-2-tradicionais/.pio/build/frdm_kl25z/zephyr/libzephyr.a(log_core.c.o)
                0x00000000000012cc                z_log_dropped
 .text.z_log_dropped_read_and_clear
                0x0000000000001300       0x10 /Users/anitapereira/atividade-comunica-o-2-tradicionais/.pio/build/frdm_kl25z/zephyr/libzephyr.a(log_core.c.o)
                0x0000000000001300                z_log_dropped_read_and_clear
 .text.dropped_notify
                0x0000000000001310       0x34 /Users/anitapereira/atividade-comunica-o-2-tradicionais/.pio/build/frdm_kl25z/zephyr/libzephyr.a(log_core.c.o)
                0x0000000000001310                dropped_notify
 .text.z_log_msg_init
                0x0000000000001344       0x20 /Users/anitapereira/atividade-comunica-o-2-tradicionais/.pio/build/frdm_kl25z/zephyr/libzephyr.a(log_core.c.o)
                0x0000000000001344                z_log_msg_init
 .text.log_core_init
                0x0000000000001364       0x50 /Users/anitapereira/atividade-comunica-o-2-tradicionais/.pio/build/frdm_kl25z/zephyr/libzephyr.a(log_core.c.o)
                0x0000000000001364                log_core_init
 .text.z_log_msg_alloc
                0x00000000000013b4       0x14 /Users/anitapereira/atividade-comunica-o-2-tradicionais/.pio/build/frdm_kl25z/zephyr/libzephyr.a(log_core.c.o)
                0x00000000000013b4                z_log_msg_alloc
 .text.z_log_msg_local_claim
                0x00000000000013c8       0x10 /Users/anitapereira/atividade-comunica-o-2-tradicionais/.pio/build/frdm_kl25z/zephyr/libzephyr.a(log_core.c.o)
                0x00000000000013c8                z_log_msg_local_claim
 .text.z_log_msg_free
                0x00000000000013d8       0x14 /Users/anitapereira/atividade-comunica-o-2-tradicionais/.pio/build/frdm_kl25z/zephyr/libzephyr.a(log_core.c.o)
                0x00000000000013d8                z_log_msg_free
 .text.z_log_msg_pending
                0x00000000000013ec       0x10 /Users/anitapereira/atividade-comunica-o-2-tradicionais/.pio/build/frdm_kl25z/zephyr/libzephyr.a(log_core.c.o)
                0x00000000000013ec                z_log_msg_pending
 .text.z_impl_log_process
                0x00000000000013fc       0x9c /Users/anitapereira/atividade-comunica-o-2-tradicionais/.pio/build/frdm_kl25z/zephyr/libzephyr.a(log_core.c.o)
                0x00000000000013fc                z_impl_log_process
 .text.z_log_msg_post_finalize
                0x0000000000001498       0x70 /Users/anitapereira/atividade-comunica-o-2-tradicionais/.pio/build/frdm_kl25z/zephyr/libzephyr.a(log_core.c.o)
 .text.z_log_msg_commit
                0x0000000000001508       0x24 /Users/anitapereira/atividade-comunica-o-2-tradicionais/.pio/build/frdm_kl25z/zephyr/libzephyr.a(log_core.c.o)
                0x0000000000001508                z_log_msg_commit
 .text.z_impl_log_panic
                0x000000000000152c       0x48 /Users/anitapereira/atividade-comunica-o-2-tradicionais/.pio/build/frdm_kl25z/zephyr/libzephyr.a(log_core.c.o)
                0x000000000000152c                z_impl_log_panic
 .text.log_process_thread_func
                0x0000000000001574       0x9c /Users/anitapereira/atividade-comunica-o-2-tradicionais/.pio/build/frdm_kl25z/zephyr/libzephyr.a(log_core.c.o)
 .text.log_source_name_get
                0x0000000000001610       0x1c /Users/anitapereira/atividade-comunica-o-2-tradicionais/.pio/build/frdm_kl25z/zephyr/libzephyr.a(log_mgmt.c.o)
                0x0000000000001610                log_source_name_get
 .text.z_impl_z_log_msg_static_create
                0x000000000000162c      0x128 /Users/anitapereira/atividade-comunica-o-2-tradicionais/.pio/build/frdm_kl25z/zephyr/libzephyr.a(log_msg.c.o)
                0x000000000000162c                z_impl_z_log_msg_static_create
 .text.z_log_msg_runtime_vcreate
                0x0000000000001754       0x98 /Users/anitapereira/atividade-comunica-o-2-tradicionais/.pio/build/frdm_kl25z/zephyr/libzephyr.a(log_msg.c.o)
                0x0000000000001754                z_log_msg_runtime_vcreate
 .text.log_msg_get_source_id
                0x00000000000017ec       0x1c /Users/anitapereira/atividade-comunica-o-2-tradicionais/.pio/build/frdm_kl25z/zephyr/libzephyr.a(log_msg.c.o)
                0x00000000000017ec                log_msg_get_source_id
 .text.print_formatted
                0x0000000000001808       0x20 /Users/anitapereira/atividade-comunica-o-2-tradicionais/.pio/build/frdm_kl25z/zephyr/libzephyr.a(log_output.c.o)
 .text.log_output_process
                0x0000000000001828      0x2c8 /Users/anitapereira/atividade-comunica-o-2-tradicionais/.pio/build/frdm_kl25z/zephyr/libzephyr.a(log_output.c.o)
                0x0000000000001828                log_output_process
 .text.log_output_dropped_process
                0x0000000000001af0       0x58 /Users/anitapereira/atividade-comunica-o-2-tradicionais/.pio/build/frdm_kl25z/zephyr/libzephyr.a(log_output.c.o)
                0x0000000000001af0                log_output_dropped_process
 .text.log_output_timestamp_freq_set
                0x0000000000001b48       0x34 /Users/anitapereira/atividade-comunica-o-2-tradicionais/.pio/build/frdm_kl25z/zephyr/libzephyr.a(log_output.c.o)
                0x0000000000001b48                log_output_timestamp_freq_set
 .text.char_out
                0x0000000000001b7c       0x24 /Users/anitapereira/atividade-comunica-o-2-tradicionais/.pio/build/frdm_kl25z/zephyr/libzephyr.a(log_backend_uart.c.o)
 .text.z_arm_fatal_error
                0x0000000000001ba0       0xbc /Users/anitapereira/atividade-comunica-o-2-tradicionais/.pio/build/frdm_kl25z/zephyr/arch/arch/arm/core/libarch__arm__core.a(fatal.c.o)
                0x0000000000001ba0                z_arm_fatal_error
 .text.z_SysNmiOnReset
                0x0000000000001c5c        0x4 /Users/anitapereira/atividade-comunica-o-2-tradicionais/.pio/build/frdm_kl25z/zephyr/arch/arch/arm/core/libarch__arm__core.a(nmi_on_reset.S.o)
                0x0000000000001c5c                z_SysNmiOnReset
 .text._HandlerModeExit
                0x0000000000001c60       0x20 /Users/anitapereira/atividade-comunica-o-2-tradicionais/.pio/build/frdm_kl25z/zephyr/arch/arch/arm/core/cortex_m/libarch__arm__core__cortex_m.a(exc_exit.c.o)
                0x0000000000001c60                z_arm_exc_exit
                0x0000000000001c60                z_arm_int_exit
 .text.z_arm_fault
                0x0000000000001c80      0x144 /Users/anitapereira/atividade-comunica-o-2-tradicionais/.pio/build/frdm_kl25z/zephyr/arch/arch/arm/core/cortex_m/libarch__arm__core__cortex_m.a(fault.c.o)
                0x0000000000001c80                z_arm_fault
 .text.z_arm_fault_init
                0x0000000000001dc4       0x10 /Users/anitapereira/atividade-comunica-o-2-tradicionais/.pio/build/frdm_kl25z/zephyr/arch/arch/arm/core/cortex_m/libarch__arm__core__cortex_m.a(fault.c.o)
                0x0000000000001dc4                z_arm_fault_init
 .text.__fault  0x0000000000001dd4       0x14 /Users/anitapereira/atividade-comunica-o-2-tradicionais/.pio/build/frdm_kl25z/zephyr/arch/arch/arm/core/cortex_m/libarch__arm__core__cortex_m.a(fault_s.S.o)
                0x0000000000001dd4                z_arm_exc_spurious
                0x0000000000001dd4                z_arm_hard_fault
 .text._reset_section
                0x0000000000001de8       0x40 /Users/anitapereira/atividade-comunica-o-2-tradicionais/.pio/build/frdm_kl25z/zephyr/arch/arch/arm/core/cortex_m/libarch__arm__core__cortex_m.a(reset.S.o)
                0x0000000000001de8                z_arm_reset
                0x0000000000001de8                __start
 .text.z_impl_k_thread_abort
                0x0000000000001e28       0x38 /Users/anitapereira/atividade-comunica-o-2-tradicionais/.pio/build/frdm_kl25z/zephyr/arch/arch/arm/core/cortex_m/libarch__arm__core__cortex_m.a(thread_abort.c.o)
                0x0000000000001e28                z_impl_k_thread_abort
 .text.z_arm_pendsv
                0x0000000000001e60       0x68 /Users/anitapereira/atividade-comunica-o-2-tradicionais/.pio/build/frdm_kl25z/zephyr/arch/arch/arm/core/cortex_m/libarch__arm__core__cortex_m.a(swap_helper.S.o)
                0x0000000000001e60                z_arm_pendsv
 .text.z_arm_svc
                0x0000000000001ec8       0x28 /Users/anitapereira/atividade-comunica-o-2-tradicionais/.pio/build/frdm_kl25z/zephyr/arch/arch/arm/core/cortex_m/libarch__arm__core__cortex_m.a(swap_helper.S.o)
                0x0000000000001ec8                z_arm_svc
 .text.__NVIC_SetPriority
                0x0000000000001ef0       0x54 /Users/anitapereira/atividade-comunica-o-2-tradicionais/.pio/build/frdm_kl25z/zephyr/arch/arch/arm/core/cortex_m/libarch__arm__core__cortex_m.a(irq_manage.c.o)
 .text.arm_irq_enable
                0x0000000000001f44       0x18 /Users/anitapereira/atividade-comunica-o-2-tradicionais/.pio/build/frdm_kl25z/zephyr/arch/arch/arm/core/cortex_m/libarch__arm__core__cortex_m.a(irq_manage.c.o)
                0x0000000000001f44                arm_irq_enable
 .text.relocate_vector_table
                0x0000000000001f5c       0x1c /Users/anitapereira/atividade-comunica-o-2-tradicionais/.pio/build/frdm_kl25z/zephyr/arch/arch/arm/core/cortex_m/libarch__arm__core__cortex_m.a(prep_c.c.o)
                0x0000000000001f5c                relocate_vector_table
 .text.arch_new_thread
                0x0000000000001f78       0x30 /Users/anitapereira/atividade-comunica-o-2-tradicionais/.pio/build/frdm_kl25z/zephyr/arch/arch/arm/core/cortex_m/libarch__arm__core__cortex_m.a(thread.c.o)
                0x0000000000001f78                arch_new_thread
 .text.arch_switch_to_main_thread
                0x0000000000001fa8       0x34 /Users/anitapereira/atividade-comunica-o-2-tradicionais/.pio/build/frdm_kl25z/zephyr/arch/arch/arm/core/cortex_m/libarch__arm__core__cortex_m.a(thread.c.o)
                0x0000000000001fa8                arch_switch_to_main_thread
 .text.z_arm_cpu_idle_init
                0x0000000000001fdc        0xc /Users/anitapereira/atividade-comunica-o-2-tradicionais/.pio/build/frdm_kl25z/zephyr/arch/arch/arm/core/cortex_m/libarch__arm__core__cortex_m.a(cpu_idle.c.o)
                0x0000000000001fdc                z_arm_cpu_idle_init
 .text.z_arm_interrupt_init
                0x0000000000001fe8       0x30 /Users/anitapereira/atividade-comunica-o-2-tradicionais/.pio/build/frdm_kl25z/zephyr/arch/arch/arm/core/cortex_m/libarch__arm__core__cortex_m.a(irq_init.c.o)
                0x0000000000001fe8                z_arm_interrupt_init
 .text._isr_wrapper
                0x0000000000002018       0x20 /Users/anitapereira/atividade-comunica-o-2-tradicionais/.pio/build/frdm_kl25z/zephyr/arch/arch/arm/core/cortex_m/libarch__arm__core__cortex_m.a(isr_wrapper.c.o)
                0x0000000000002018                _isr_wrapper
 .text.cbvprintf
                0x0000000000002038       0x38 /Users/anitapereira/atividade-comunica-o-2-tradicionais/.pio/build/frdm_kl25z/zephyr/lib/libc/picolibc/liblib__libc__picolibc.a(cbprintf.c.o)
                0x0000000000002038                cbvprintf
 .text.z_impl_zephyr_fputc
                0x0000000000002070       0x10 /Users/anitapereira/atividade-comunica-o-2-tradicionais/.pio/build/frdm_kl25z/zephyr/lib/libc/picolibc/liblib__libc__picolibc.a(stdio.c.o)
                0x0000000000002070                z_impl_zephyr_fputc
 .text.__stdout_hook_install
                0x0000000000002080       0x18 /Users/anitapereira/atividade-comunica-o-2-tradicionais/.pio/build/frdm_kl25z/zephyr/lib/libc/picolibc/liblib__libc__picolibc.a(stdio.c.o)
                0x0000000000002080                __stdout_hook_install
 .text.malloc_prepare
                0x0000000000002098       0x24 /Users/anitapereira/atividade-comunica-o-2-tradicionais/.pio/build/frdm_kl25z/zephyr/lib/libc/common/liblib__libc__common.a(malloc.c.o)
 .text.mcux_mcg_get_rate.part.0
                0x00000000000020bc       0x1c /Users/anitapereira/atividade-comunica-o-2-tradicionais/.pio/build/frdm_kl25z/zephyr/drivers/clock_control/libdrivers__clock_control.a(clock_control_mcux_mcg.c.o)
 .text.mcux_sim_on
                0x00000000000020d8       0x1c /Users/anitapereira/atividade-comunica-o-2-tradicionais/.pio/build/frdm_kl25z/zephyr/drivers/clock_control/libdrivers__clock_control.a(clock_control_mcux_sim.c.o)
 .text.mcux_sim_off
                0x00000000000020f4       0x1c /Users/anitapereira/atividade-comunica-o-2-tradicionais/.pio/build/frdm_kl25z/zephyr/drivers/clock_control/libdrivers__clock_control.a(clock_control_mcux_sim.c.o)
 .text.mcux_sim_get_subsys_rate
                0x0000000000002110       0x30 /Users/anitapereira/atividade-comunica-o-2-tradicionais/.pio/build/frdm_kl25z/zephyr/drivers/clock_control/libdrivers__clock_control.a(clock_control_mcux_sim.c.o)
 .text.uart_console_init
                0x0000000000002140       0x2c /Users/anitapereira/atividade-comunica-o-2-tradicionais/.pio/build/frdm_kl25z/zephyr/drivers/console/libdrivers__console.a(uart_console.c.o)
 .text.console_out
                0x000000000000216c       0x28 /Users/anitapereira/atividade-comunica-o-2-tradicionais/.pio/build/frdm_kl25z/zephyr/drivers/console/libdrivers__console.a(uart_console.c.o)
 .text.gpio_mcux_port_configure
                0x0000000000002194       0xa0 /Users/anitapereira/atividade-comunica-o-2-tradicionais/.pio/build/frdm_kl25z/zephyr/drivers/gpio/libdrivers__gpio.a(gpio_mcux.c.o)
 .text.gpio_mcux_pin_interrupt_configure
                0x0000000000002234       0x88 /Users/anitapereira/atividade-comunica-o-2-tradicionais/.pio/build/frdm_kl25z/zephyr/drivers/gpio/libdrivers__gpio.a(gpio_mcux.c.o)
 .text.pinctrl_mcux_init.part.0
                0x00000000000022bc       0x1c /Users/anitapereira/atividade-comunica-o-2-tradicionais/.pio/build/frdm_kl25z/zephyr/drivers/pinctrl/libdrivers__pinctrl.a(pinctrl_nxp_port.c.o)
 .text.pinctrl_mcux_init
                0x00000000000022d8       0x44 /Users/anitapereira/atividade-comunica-o-2-tradicionais/.pio/build/frdm_kl25z/zephyr/drivers/pinctrl/libdrivers__pinctrl.a(pinctrl_nxp_port.c.o)
 .text.pinctrl_configure_pins
                0x000000000000231c       0x44 /Users/anitapereira/atividade-comunica-o-2-tradicionais/.pio/build/frdm_kl25z/zephyr/drivers/pinctrl/libdrivers__pinctrl.a(pinctrl_nxp_port.c.o)
                0x000000000000231c                pinctrl_configure_pins
 .text.elapsed  0x0000000000002360       0x40 /Users/anitapereira/atividade-comunica-o-2-tradicionais/.pio/build/frdm_kl25z/zephyr/drivers/timer/libdrivers__timer.a(cortex_m_systick.c.o)
 .text.sys_clock_driver_init
                0x00000000000023a0       0x40 /Users/anitapereira/atividade-comunica-o-2-tradicionais/.pio/build/frdm_kl25z/zephyr/drivers/timer/libdrivers__timer.a(cortex_m_systick.c.o)
 .text.sys_clock_isr
                0x00000000000023e0       0x44 /Users/anitapereira/atividade-comunica-o-2-tradicionais/.pio/build/frdm_kl25z/zephyr/drivers/timer/libdrivers__timer.a(cortex_m_systick.c.o)
                0x00000000000023e0                sys_clock_isr
 .text.sys_clock_set_timeout
                0x0000000000002424       0xf8 /Users/anitapereira/atividade-comunica-o-2-tradicionais/.pio/build/frdm_kl25z/zephyr/drivers/timer/libdrivers__timer.a(cortex_m_systick.c.o)
                0x0000000000002424                sys_clock_set_timeout
 .text.sys_clock_elapsed
                0x000000000000251c       0x34 /Users/anitapereira/atividade-comunica-o-2-tradicionais/.pio/build/frdm_kl25z/zephyr/drivers/timer/libdrivers__timer.a(cortex_m_systick.c.o)
                0x000000000000251c                sys_clock_elapsed
 .text.CLOCK_GetFllExtRefClkFreq
                0x0000000000002550       0x3c /Users/anitapereira/atividade-comunica-o-2-tradicionais/.pio/build/frdm_kl25z/modules/hal_nxp/libmodules__hal_nxp.a(fsl_clock.c.o)
 .text.CLOCK_GetInternalRefClkSelectFreq
                0x000000000000258c       0x28 /Users/anitapereira/atividade-comunica-o-2-tradicionais/.pio/build/frdm_kl25z/modules/hal_nxp/libmodules__hal_nxp.a(fsl_clock.c.o)
 .text.CLOCK_GetOsc0ErClkFreq
                0x00000000000025b4       0x1c /Users/anitapereira/atividade-comunica-o-2-tradicionais/.pio/build/frdm_kl25z/modules/hal_nxp/libmodules__hal_nxp.a(fsl_clock.c.o)
                0x00000000000025b4                CLOCK_GetOsc0ErClkFreq
 .text.CLOCK_GetEr32kClkFreq
                0x00000000000025d0       0x40 /Users/anitapereira/atividade-comunica-o-2-tradicionais/.pio/build/frdm_kl25z/modules/hal_nxp/libmodules__hal_nxp.a(fsl_clock.c.o)
                0x00000000000025d0                CLOCK_GetEr32kClkFreq
 .text.CLOCK_SetSimConfig
                0x0000000000002610       0x4c /Users/anitapereira/atividade-comunica-o-2-tradicionais/.pio/build/frdm_kl25z/modules/hal_nxp/libmodules__hal_nxp.a(fsl_clock.c.o)
                0x0000000000002610                CLOCK_SetSimConfig
 .text.CLOCK_GetFllFreq
                0x000000000000265c       0x4c /Users/anitapereira/atividade-comunica-o-2-tradicionais/.pio/build/frdm_kl25z/modules/hal_nxp/libmodules__hal_nxp.a(fsl_clock.c.o)
                0x000000000000265c                CLOCK_GetFllFreq
 .text.CLOCK_GetInternalRefClkFreq
                0x00000000000026a8       0x18 /Users/anitapereira/atividade-comunica-o-2-tradicionais/.pio/build/frdm_kl25z/modules/hal_nxp/libmodules__hal_nxp.a(fsl_clock.c.o)
                0x00000000000026a8                CLOCK_GetInternalRefClkFreq
 .text.CLOCK_GetPll0Freq
                0x00000000000026c0       0x30 /Users/anitapereira/atividade-comunica-o-2-tradicionais/.pio/build/frdm_kl25z/modules/hal_nxp/libmodules__hal_nxp.a(fsl_clock.c.o)
                0x00000000000026c0                CLOCK_GetPll0Freq
 .text.CLOCK_GetPllFllSelClkFreq
                0x00000000000026f0       0x24 /Users/anitapereira/atividade-comunica-o-2-tradicionais/.pio/build/frdm_kl25z/modules/hal_nxp/libmodules__hal_nxp.a(fsl_clock.c.o)
                0x00000000000026f0                CLOCK_GetPllFllSelClkFreq
 .text.CLOCK_GetOutClkFreq
                0x0000000000002714       0x38 /Users/anitapereira/atividade-comunica-o-2-tradicionais/.pio/build/frdm_kl25z/modules/hal_nxp/libmodules__hal_nxp.a(fsl_clock.c.o)
                0x0000000000002714                CLOCK_GetOutClkFreq
 .text.CLOCK_GetFixedFreqClkFreq
                0x000000000000274c       0x34 /Users/anitapereira/atividade-comunica-o-2-tradicionais/.pio/build/frdm_kl25z/modules/hal_nxp/libmodules__hal_nxp.a(fsl_clock.c.o)
                0x000000000000274c                CLOCK_GetFixedFreqClkFreq
 .text.CLOCK_GetFreq
                0x0000000000002780       0x84 /Users/anitapereira/atividade-comunica-o-2-tradicionais/.pio/build/frdm_kl25z/modules/hal_nxp/libmodules__hal_nxp.a(fsl_clock.c.o)
                0x0000000000002780                CLOCK_GetFreq
 .text.CLOCK_SetInternalRefClkConfig
                0x0000000000002804       0x74 /Users/anitapereira/atividade-comunica-o-2-tradicionais/.pio/build/frdm_kl25z/modules/hal_nxp/libmodules__hal_nxp.a(fsl_clock.c.o)
                0x0000000000002804                CLOCK_SetInternalRefClkConfig
 .text.CLOCK_EnablePll0
                0x0000000000002878       0x30 /Users/anitapereira/atividade-comunica-o-2-tradicionais/.pio/build/frdm_kl25z/modules/hal_nxp/libmodules__hal_nxp.a(fsl_clock.c.o)
                0x0000000000002878                CLOCK_EnablePll0
 .text.CLOCK_InitOsc0
                0x00000000000028a8       0x6c /Users/anitapereira/atividade-comunica-o-2-tradicionais/.pio/build/frdm_kl25z/modules/hal_nxp/libmodules__hal_nxp.a(fsl_clock.c.o)
                0x00000000000028a8                CLOCK_InitOsc0
 .text.CLOCK_SetPbeMode
                0x0000000000002914       0x50 /Users/anitapereira/atividade-comunica-o-2-tradicionais/.pio/build/frdm_kl25z/modules/hal_nxp/libmodules__hal_nxp.a(fsl_clock.c.o)
                0x0000000000002914                CLOCK_SetPbeMode
 .text.CLOCK_BootToPeeMode
                0x0000000000002964       0x2c /Users/anitapereira/atividade-comunica-o-2-tradicionais/.pio/build/frdm_kl25z/modules/hal_nxp/libmodules__hal_nxp.a(fsl_clock.c.o)
                0x0000000000002964                CLOCK_BootToPeeMode
 .text.SystemInit
                0x0000000000002990       0x10 /Users/anitapereira/atividade-comunica-o-2-tradicionais/.pio/build/frdm_kl25z/modules/hal_nxp/libmodules__hal_nxp.a(system_MKL25Z4.c.o)
                0x0000000000002990                SystemInit
 .text.LPSCI_Init
                0x00000000000029a0      0x134 /Users/anitapereira/atividade-comunica-o-2-tradicionais/.pio/build/frdm_kl25z/modules/hal_nxp/libmodules__hal_nxp.a(fsl_lpsci.c.o)
                0x00000000000029a0                LPSCI_Init
 .text.LPSCI_EnableInterrupts
                0x0000000000002ad4       0x24 /Users/anitapereira/atividade-comunica-o-2-tradicionais/.pio/build/frdm_kl25z/modules/hal_nxp/libmodules__hal_nxp.a(fsl_lpsci.c.o)
                0x0000000000002ad4                LPSCI_EnableInterrupts
 .text.LPSCI_DisableInterrupts
                0x0000000000002af8       0x20 /Users/anitapereira/atividade-comunica-o-2-tradicionais/.pio/build/frdm_kl25z/modules/hal_nxp/libmodules__hal_nxp.a(fsl_lpsci.c.o)
                0x0000000000002af8                LPSCI_DisableInterrupts
 .text.LPSCI_GetEnabledInterrupts
                0x0000000000002b18       0x18 /Users/anitapereira/atividade-comunica-o-2-tradicionais/.pio/build/frdm_kl25z/modules/hal_nxp/libmodules__hal_nxp.a(fsl_lpsci.c.o)
                0x0000000000002b18                LPSCI_GetEnabledInterrupts
 .text.LPSCI_ClearStatusFlags
                0x0000000000002b30       0x54 /Users/anitapereira/atividade-comunica-o-2-tradicionais/.pio/build/frdm_kl25z/modules/hal_nxp/libmodules__hal_nxp.a(fsl_lpsci.c.o)
                0x0000000000002b30                LPSCI_ClearStatusFlags
 .text.k_sys_fatal_error_handler
                0x0000000000002b84       0x20 /Users/anitapereira/atividade-comunica-o-2-tradicionais/.pio/build/frdm_kl25z/zephyr/kernel/libkernel.a(fatal.c.o)
                0x0000000000002b84                k_sys_fatal_error_handler
 .text.z_fatal_error
                0x0000000000002ba4       0xf0 /Users/anitapereira/atividade-comunica-o-2-tradicionais/.pio/build/frdm_kl25z/zephyr/kernel/libkernel.a(fatal.c.o)
                0x0000000000002ba4                z_fatal_error
 .text.z_sys_init_run_level
                0x0000000000002c94       0x34 /Users/anitapereira/atividade-comunica-o-2-tradicionais/.pio/build/frdm_kl25z/zephyr/kernel/libkernel.a(init.c.o)
 .text.bg_thread_main
                0x0000000000002cc8       0xa8 /Users/anitapereira/atividade-comunica-o-2-tradicionais/.pio/build/frdm_kl25z/zephyr/kernel/libkernel.a(init.c.o)
 .text.z_bss_zero
                0x0000000000002d70       0x18 /Users/anitapereira/atividade-comunica-o-2-tradicionais/.pio/build/frdm_kl25z/zephyr/kernel/libkernel.a(init.c.o)
                0x0000000000002d70                z_bss_zero
 .text.z_init_cpu
                0x0000000000002d88       0x70 /Users/anitapereira/atividade-comunica-o-2-tradicionais/.pio/build/frdm_kl25z/zephyr/kernel/libkernel.a(init.c.o)
                0x0000000000002d88                z_init_cpu
 .text.z_cstart
                0x0000000000002df8       0xbc /Users/anitapereira/atividade-comunica-o-2-tradicionais/.pio/build/frdm_kl25z/zephyr/kernel/libkernel.a(init.c.o)
                0x0000000000002df8                z_cstart
 .text.z_impl_k_msgq_put
                0x0000000000002eb4       0xb0 /Users/anitapereira/atividade-comunica-o-2-tradicionais/.pio/build/frdm_kl25z/zephyr/kernel/libkernel.a(msg_q.c.o)
                0x0000000000002eb4                z_impl_k_msgq_put
 .text.z_impl_k_msgq_get
                0x0000000000002f64       0xbc /Users/anitapereira/atividade-comunica-o-2-tradicionais/.pio/build/frdm_kl25z/zephyr/kernel/libkernel.a(msg_q.c.o)
                0x0000000000002f64                z_impl_k_msgq_get
 .text.z_impl_k_sem_give
                0x0000000000003020       0x68 /Users/anitapereira/atividade-comunica-o-2-tradicionais/.pio/build/frdm_kl25z/zephyr/kernel/libkernel.a(sem.c.o)
                0x0000000000003020                z_impl_k_sem_give
 .text.z_impl_k_sem_take
                0x0000000000003088       0x54 /Users/anitapereira/atividade-comunica-o-2-tradicionais/.pio/build/frdm_kl25z/zephyr/kernel/libkernel.a(sem.c.o)
                0x0000000000003088                z_impl_k_sem_take
 .text.z_impl_k_thread_name_set
                0x00000000000030dc       0x20 /Users/anitapereira/atividade-comunica-o-2-tradicionais/.pio/build/frdm_kl25z/zephyr/kernel/libkernel.a(thread.c.o)
                0x00000000000030dc                z_impl_k_thread_name_set
 .text.z_setup_new_thread
                0x00000000000030fc       0xa4 /Users/anitapereira/atividade-comunica-o-2-tradicionais/.pio/build/frdm_kl25z/zephyr/kernel/libkernel.a(thread.c.o)
                0x00000000000030fc                z_setup_new_thread
 .text.z_impl_k_thread_create
                0x00000000000031a0       0x58 /Users/anitapereira/atividade-comunica-o-2-tradicionais/.pio/build/frdm_kl25z/zephyr/kernel/libkernel.a(thread.c.o)
                0x00000000000031a0                z_impl_k_thread_create
 .text.z_dummy_thread_init
                0x00000000000031f8       0x18 /Users/anitapereira/atividade-comunica-o-2-tradicionais/.pio/build/frdm_kl25z/zephyr/kernel/libkernel.a(thread.c.o)
                0x00000000000031f8                z_dummy_thread_init
 .text.z_swap_irqlock
                0x0000000000003210       0x34 /Users/anitapereira/atividade-comunica-o-2-tradicionais/.pio/build/frdm_kl25z/zephyr/kernel/libkernel.a(sched.c.o)
 .text.unready_thread
                0x0000000000003244       0x58 /Users/anitapereira/atividade-comunica-o-2-tradicionais/.pio/build/frdm_kl25z/zephyr/kernel/libkernel.a(sched.c.o)
 .text.add_thread_timeout
                0x000000000000329c       0x18 /Users/anitapereira/atividade-comunica-o-2-tradicionais/.pio/build/frdm_kl25z/zephyr/kernel/libkernel.a(sched.c.o)
 .text.ready_thread
                0x00000000000032b4       0x94 /Users/anitapereira/atividade-comunica-o-2-tradicionais/.pio/build/frdm_kl25z/zephyr/kernel/libkernel.a(sched.c.o)
 .text.move_thread_to_end_of_prio_q
                0x0000000000003348       0xa0 /Users/anitapereira/atividade-comunica-o-2-tradicionais/.pio/build/frdm_kl25z/zephyr/kernel/libkernel.a(sched.c.o)
                0x0000000000003348                move_thread_to_end_of_prio_q
 .text.z_pend_curr
                0x00000000000033e8       0x38 /Users/anitapereira/atividade-comunica-o-2-tradicionais/.pio/build/frdm_kl25z/zephyr/kernel/libkernel.a(sched.c.o)
                0x00000000000033e8                z_pend_curr
 .text.z_reschedule
                0x0000000000003420       0x2c /Users/anitapereira/atividade-comunica-o-2-tradicionais/.pio/build/frdm_kl25z/zephyr/kernel/libkernel.a(sched.c.o)
                0x0000000000003420                z_reschedule
 .text.z_reschedule_irqlock
                0x000000000000344c       0x2c /Users/anitapereira/atividade-comunica-o-2-tradicionais/.pio/build/frdm_kl25z/zephyr/kernel/libkernel.a(sched.c.o)
                0x000000000000344c                z_reschedule_irqlock
 .text.k_sched_lock
                0x0000000000003478       0x20 /Users/anitapereira/atividade-comunica-o-2-tradicionais/.pio/build/frdm_kl25z/zephyr/kernel/libkernel.a(sched.c.o)
                0x0000000000003478                k_sched_lock
 .text.k_sched_unlock
                0x0000000000003498       0x60 /Users/anitapereira/atividade-comunica-o-2-tradicionais/.pio/build/frdm_kl25z/zephyr/kernel/libkernel.a(sched.c.o)
                0x0000000000003498                k_sched_unlock
 .text.z_sched_init
                0x00000000000034f8       0x14 /Users/anitapereira/atividade-comunica-o-2-tradicionais/.pio/build/frdm_kl25z/zephyr/kernel/libkernel.a(sched.c.o)
                0x00000000000034f8                z_sched_init
 .text.z_impl_k_yield
                0x000000000000350c       0x84 /Users/anitapereira/atividade-comunica-o-2-tradicionais/.pio/build/frdm_kl25z/zephyr/kernel/libkernel.a(sched.c.o)
                0x000000000000350c                z_impl_k_yield
 .text.z_tick_sleep
                0x0000000000003590       0x74 /Users/anitapereira/atividade-comunica-o-2-tradicionais/.pio/build/frdm_kl25z/zephyr/kernel/libkernel.a(sched.c.o)
 .text.z_impl_k_sleep
                0x0000000000003604       0x4c /Users/anitapereira/atividade-comunica-o-2-tradicionais/.pio/build/frdm_kl25z/zephyr/kernel/libkernel.a(sched.c.o)
                0x0000000000003604                z_impl_k_sleep
 .text.z_impl_k_wakeup
                0x0000000000003650       0x40 /Users/anitapereira/atividade-comunica-o-2-tradicionais/.pio/build/frdm_kl25z/zephyr/kernel/libkernel.a(sched.c.o)
                0x0000000000003650                z_impl_k_wakeup
 .text.z_impl_k_sched_current_thread_query
                0x0000000000003690        0xc /Users/anitapereira/atividade-comunica-o-2-tradicionais/.pio/build/frdm_kl25z/zephyr/kernel/libkernel.a(sched.c.o)
                0x0000000000003690                z_impl_k_sched_current_thread_query
 .text.z_thread_abort
                0x000000000000369c      0x130 /Users/anitapereira/atividade-comunica-o-2-tradicionais/.pio/build/frdm_kl25z/zephyr/kernel/libkernel.a(sched.c.o)
                0x000000000000369c                z_thread_abort
 .text.slice_timeout
                0x00000000000037cc       0x20 /Users/anitapereira/atividade-comunica-o-2-tradicionais/.pio/build/frdm_kl25z/zephyr/kernel/libkernel.a(timeslicing.c.o)
 .text.thread_is_sliceable
                0x00000000000037ec       0x40 /Users/anitapereira/atividade-comunica-o-2-tradicionais/.pio/build/frdm_kl25z/zephyr/kernel/libkernel.a(timeslicing.c.o)
                0x00000000000037ec                thread_is_sliceable
 .text.z_reset_time_slice
                0x000000000000382c       0x4c /Users/anitapereira/atividade-comunica-o-2-tradicionais/.pio/build/frdm_kl25z/zephyr/kernel/libkernel.a(timeslicing.c.o)
                0x000000000000382c                z_reset_time_slice
 .text.z_time_slice
                0x0000000000003878       0x58 /Users/anitapereira/atividade-comunica-o-2-tradicionais/.pio/build/frdm_kl25z/zephyr/kernel/libkernel.a(timeslicing.c.o)
                0x0000000000003878                z_time_slice
 .text.z_thread_monitor_exit
                0x00000000000038d0       0x34 /Users/anitapereira/atividade-comunica-o-2-tradicionais/.pio/build/frdm_kl25z/zephyr/kernel/libkernel.a(thread_monitor.c.o)
                0x00000000000038d0                z_thread_monitor_exit
 .text.z_data_copy
                0x0000000000003904       0x34 /Users/anitapereira/atividade-comunica-o-2-tradicionais/.pio/build/frdm_kl25z/zephyr/kernel/libkernel.a(xip.c.o)
                0x0000000000003904                z_data_copy
 .text.first    0x0000000000003938       0x10 /Users/anitapereira/atividade-comunica-o-2-tradicionais/.pio/build/frdm_kl25z/zephyr/kernel/libkernel.a(timeout.c.o)
 .text.next_timeout
                0x0000000000003948       0x38 /Users/anitapereira/atividade-comunica-o-2-tradicionais/.pio/build/frdm_kl25z/zephyr/kernel/libkernel.a(timeout.c.o)
 .text.elapsed  0x0000000000003980       0x18 /Users/anitapereira/atividade-comunica-o-2-tradicionais/.pio/build/frdm_kl25z/zephyr/kernel/libkernel.a(timeout.c.o)
 .text.remove_timeout
                0x0000000000003998       0x38 /Users/anitapereira/atividade-comunica-o-2-tradicionais/.pio/build/frdm_kl25z/zephyr/kernel/libkernel.a(timeout.c.o)
 .text.z_add_timeout
                0x00000000000039d0      0x120 /Users/anitapereira/atividade-comunica-o-2-tradicionais/.pio/build/frdm_kl25z/zephyr/kernel/libkernel.a(timeout.c.o)
                0x00000000000039d0                z_add_timeout
 .text.sys_clock_announce
                0x0000000000003af0       0xd0 /Users/anitapereira/atividade-comunica-o-2-tradicionais/.pio/build/frdm_kl25z/zephyr/kernel/libkernel.a(timeout.c.o)
                0x0000000000003af0                sys_clock_announce
 .text.sys_clock_tick_get
                0x0000000000003bc0       0x30 /Users/anitapereira/atividade-comunica-o-2-tradicionais/.pio/build/frdm_kl25z/zephyr/kernel/libkernel.a(timeout.c.o)
                0x0000000000003bc0                sys_clock_tick_get
 .text.z_timer_expiration_handler
                0x0000000000003bf0      0x114 /Users/anitapereira/atividade-comunica-o-2-tradicionais/.pio/build/frdm_kl25z/zephyr/kernel/libkernel.a(timer.c.o)
                0x0000000000003bf0                z_timer_expiration_handler
 .text.z_impl_k_timer_start
                0x0000000000003d04       0x68 /Users/anitapereira/atividade-comunica-o-2-tradicionais/.pio/build/frdm_kl25z/zephyr/kernel/libkernel.a(timer.c.o)
                0x0000000000003d04                z_impl_k_timer_start
 .text.boot_banner
                0x0000000000003d6c       0x10 /Users/anitapereira/atividade-comunica-o-2-tradicionais/.pio/build/frdm_kl25z/zephyr/kernel/libkernel.a(banner.c.o)
                0x0000000000003d6c                boot_banner
 .text.statics_init
                0x0000000000003d7c       0x24 /Users/anitapereira/atividade-comunica-o-2-tradicionais/.pio/build/frdm_kl25z/zephyr/kernel/libkernel.a(kheap.c.o)
 .text.snprintf
                0x0000000000003da0       0x54 /Users/anitapereira/atividade-comunica-o-2-tradicionais/.pio/build/frdm_kl25z/modules/picolibc/libc.a(snprintf.c.o)
                0x0000000000003da0                snprintf
 .text.vfprintf
                0x0000000000003df4      0x50c /Users/anitapereira/atividade-comunica-o-2-tradicionais/.pio/build/frdm_kl25z/modules/picolibc/libc.a(vflprintf.c.o)
                0x0000000000003df4                __l_vfprintf
                0x0000000000003df4                vfprintf
 .text.chunk_size
                0x0000000000004300        0xa /Users/anitapereira/atividade-comunica-o-2-tradicionais/.pio/build/frdm_kl25z/zephyr/libzephyr.a(heap.c.o)
 .text.free_list_add
                0x000000000000430a       0x52 /Users/anitapereira/atividade-comunica-o-2-tradicionais/.pio/build/frdm_kl25z/zephyr/libzephyr.a(heap.c.o)
 .text.sys_heap_init
                0x000000000000435c       0x64 /Users/anitapereira/atividade-comunica-o-2-tradicionais/.pio/build/frdm_kl25z/zephyr/libzephyr.a(heap.c.o)
                0x000000000000435c                sys_heap_init
 .text.cbpprintf_external
                0x00000000000043c0       0x6a /Users/anitapereira/atividade-comunica-o-2-tradicionais/.pio/build/frdm_kl25z/zephyr/libzephyr.a(cbprintf_packaged.c.o)
                0x00000000000043c0                cbpprintf_external
 .text.is_ptr   0x000000000000442a       0x40 /Users/anitapereira/atividade-comunica-o-2-tradicionais/.pio/build/frdm_kl25z/zephyr/libzephyr.a(cbprintf_packaged.c.o)
                0x000000000000442a                is_ptr
 .text.arch_printk_char_out
                0x000000000000446a        0x4 /Users/anitapereira/atividade-comunica-o-2-tradicionais/.pio/build/frdm_kl25z/zephyr/libzephyr.a(printk.c.o)
                0x000000000000446a                arch_printk_char_out
 .text.printk   0x000000000000446e       0x16 /Users/anitapereira/atividade-comunica-o-2-tradicionais/.pio/build/frdm_kl25z/zephyr/libzephyr.a(printk.c.o)
                0x000000000000446e                printk
 .text.z_thread_entry
                0x0000000000004484       0x14 /Users/anitapereira/atividade-comunica-o-2-tradicionais/.pio/build/frdm_kl25z/zephyr/libzephyr.a(thread_entry.c.o)
                0x0000000000004484                z_thread_entry
 .text.idx_inc  0x0000000000004498       0x1a /Users/anitapereira/atividade-comunica-o-2-tradicionais/.pio/build/frdm_kl25z/zephyr/libzephyr.a(mpsc_pbuf.c.o)
 .text.rd_idx_inc
                0x00000000000044b2       0x18 /Users/anitapereira/atividade-comunica-o-2-tradicionais/.pio/build/frdm_kl25z/zephyr/libzephyr.a(mpsc_pbuf.c.o)
 .text.add_skip_item
                0x00000000000044ca       0x3a /Users/anitapereira/atividade-comunica-o-2-tradicionais/.pio/build/frdm_kl25z/zephyr/libzephyr.a(mpsc_pbuf.c.o)
 .text.post_drop_action
                0x0000000000004504       0x38 /Users/anitapereira/atividade-comunica-o-2-tradicionais/.pio/build/frdm_kl25z/zephyr/libzephyr.a(mpsc_pbuf.c.o)
 .text.free_space
                0x000000000000453c       0x2a /Users/anitapereira/atividade-comunica-o-2-tradicionais/.pio/build/frdm_kl25z/zephyr/libzephyr.a(mpsc_pbuf.c.o)
 .text.get_usage
                0x0000000000004566       0x22 /Users/anitapereira/atividade-comunica-o-2-tradicionais/.pio/build/frdm_kl25z/zephyr/libzephyr.a(mpsc_pbuf.c.o)
 .text.max_utilization_update
                0x0000000000004588       0x22 /Users/anitapereira/atividade-comunica-o-2-tradicionais/.pio/build/frdm_kl25z/zephyr/libzephyr.a(mpsc_pbuf.c.o)
 .text.drop_item_locked
                0x00000000000045aa       0xe6 /Users/anitapereira/atividade-comunica-o-2-tradicionais/.pio/build/frdm_kl25z/zephyr/libzephyr.a(mpsc_pbuf.c.o)
 .text.mpsc_pbuf_init
                0x0000000000004690       0x46 /Users/anitapereira/atividade-comunica-o-2-tradicionais/.pio/build/frdm_kl25z/zephyr/libzephyr.a(mpsc_pbuf.c.o)
                0x0000000000004690                mpsc_pbuf_init
 .text.mpsc_pbuf_alloc
                0x00000000000046d6       0xf4 /Users/anitapereira/atividade-comunica-o-2-tradicionais/.pio/build/frdm_kl25z/zephyr/libzephyr.a(mpsc_pbuf.c.o)
                0x00000000000046d6                mpsc_pbuf_alloc
 .text.mpsc_pbuf_commit
                0x00000000000047ca       0x38 /Users/anitapereira/atividade-comunica-o-2-tradicionais/.pio/build/frdm_kl25z/zephyr/libzephyr.a(mpsc_pbuf.c.o)
                0x00000000000047ca                mpsc_pbuf_commit
 .text.mpsc_pbuf_claim
                0x0000000000004802       0x96 /Users/anitapereira/atividade-comunica-o-2-tradicionais/.pio/build/frdm_kl25z/zephyr/libzephyr.a(mpsc_pbuf.c.o)
                0x0000000000004802                mpsc_pbuf_claim
 .text.mpsc_pbuf_free
                0x0000000000004898       0x72 /Users/anitapereira/atividade-comunica-o-2-tradicionais/.pio/build/frdm_kl25z/zephyr/libzephyr.a(mpsc_pbuf.c.o)
                0x0000000000004898                mpsc_pbuf_free
 .text.mpsc_pbuf_is_pending
                0x000000000000490a       0x2e /Users/anitapereira/atividade-comunica-o-2-tradicionais/.pio/build/frdm_kl25z/zephyr/libzephyr.a(mpsc_pbuf.c.o)
                0x000000000000490a                mpsc_pbuf_is_pending
 .text._ConfigAbsSyms
                0x0000000000004938        0x2 /Users/anitapereira/atividade-comunica-o-2-tradicionais/.pio/build/frdm_kl25z/zephyr/libzephyr.a(configs.c.o)
                0x0000000000004938                _ConfigAbsSyms
 .text.soc_early_init_hook
                0x000000000000493a        0x8 /Users/anitapereira/atividade-comunica-o-2-tradicionais/.pio/build/frdm_kl25z/zephyr/libzephyr.a(soc.c.o)
                0x000000000000493a                soc_early_init_hook
 .text.soc_reset_hook
                0x0000000000004942        0x8 /Users/anitapereira/atividade-comunica-o-2-tradicionais/.pio/build/frdm_kl25z/zephyr/libzephyr.a(soc.c.o)
                0x0000000000004942                soc_reset_hook
 .text.log_msg_generic_get_wlen
                0x000000000000494a       0x22 /Users/anitapereira/atividade-comunica-o-2-tradicionais/.pio/build/frdm_kl25z/zephyr/libzephyr.a(log_core.c.o)
 .text.dummy_timestamp
                0x000000000000496c        0x4 /Users/anitapereira/atividade-comunica-o-2-tradicionais/.pio/build/frdm_kl25z/zephyr/libzephyr.a(log_core.c.o)
 .text.atomic_inc
                0x0000000000004970        0xa /Users/anitapereira/atividade-comunica-o-2-tradicionais/.pio/build/frdm_kl25z/zephyr/libzephyr.a(log_core.c.o)
 .text.default_lf_get_timestamp
                0x000000000000497a       0x10 /Users/anitapereira/atividade-comunica-o-2-tradicionais/.pio/build/frdm_kl25z/zephyr/libzephyr.a(log_core.c.o)
 .text.z_log_vprintk
                0x000000000000498a       0x1a /Users/anitapereira/atividade-comunica-o-2-tradicionais/.pio/build/frdm_kl25z/zephyr/libzephyr.a(log_core.c.o)
                0x000000000000498a                z_log_vprintk
 .text.z_log_notify_drop
                0x00000000000049a4        0xa /Users/anitapereira/atividade-comunica-o-2-tradicionais/.pio/build/frdm_kl25z/zephyr/libzephyr.a(log_core.c.o)
 .text.z_log_get_tag
                0x00000000000049ae        0x4 /Users/anitapereira/atividade-comunica-o-2-tradicionais/.pio/build/frdm_kl25z/zephyr/libzephyr.a(log_core.c.o)
                0x00000000000049ae                z_log_get_tag
 .text.log_backend_enable
                0x00000000000049b2       0x16 /Users/anitapereira/atividade-comunica-o-2-tradicionais/.pio/build/frdm_kl25z/zephyr/libzephyr.a(log_mgmt.c.o)
                0x00000000000049b2                log_backend_enable
 .text.z_cbprintf_cpy
                0x00000000000049c8       0x32 /Users/anitapereira/atividade-comunica-o-2-tradicionais/.pio/build/frdm_kl25z/zephyr/libzephyr.a(log_msg.c.o)
 .text.z_log_msg_finalize
                0x00000000000049fa       0x32 /Users/anitapereira/atividade-comunica-o-2-tradicionais/.pio/build/frdm_kl25z/zephyr/libzephyr.a(log_msg.c.o)
                0x00000000000049fa                z_log_msg_finalize
 .text.z_log_msg_simple_create
                0x0000000000004a2c       0x58 /Users/anitapereira/atividade-comunica-o-2-tradicionais/.pio/build/frdm_kl25z/zephyr/libzephyr.a(log_msg.c.o)
 .text.z_impl_z_log_msg_simple_create_0
                0x0000000000004a84        0xe /Users/anitapereira/atividade-comunica-o-2-tradicionais/.pio/build/frdm_kl25z/zephyr/libzephyr.a(log_msg.c.o)
                0x0000000000004a84                z_impl_z_log_msg_simple_create_0
 .text.z_impl_z_log_msg_simple_create_1
                0x0000000000004a92       0x10 /Users/anitapereira/atividade-comunica-o-2-tradicionais/.pio/build/frdm_kl25z/zephyr/libzephyr.a(log_msg.c.o)
                0x0000000000004a92                z_impl_z_log_msg_simple_create_1
 .text.log_output_write
                0x0000000000004aa2       0x1e /Users/anitapereira/atividade-comunica-o-2-tradicionais/.pio/build/frdm_kl25z/zephyr/libzephyr.a(log_output.c.o)
 .text.log_output_flush
                0x0000000000004ac0       0x1a /Users/anitapereira/atividade-comunica-o-2-tradicionais/.pio/build/frdm_kl25z/zephyr/libzephyr.a(log_output.c.o)
 .text.out_func
                0x0000000000004ada       0x26 /Users/anitapereira/atividade-comunica-o-2-tradicionais/.pio/build/frdm_kl25z/zephyr/libzephyr.a(log_output.c.o)
 .text.cr_out_func
                0x0000000000004b00       0x1c /Users/anitapereira/atividade-comunica-o-2-tradicionais/.pio/build/frdm_kl25z/zephyr/libzephyr.a(log_output.c.o)
 .text.log_output_msg_process
                0x0000000000004b1c       0x66 /Users/anitapereira/atividade-comunica-o-2-tradicionais/.pio/build/frdm_kl25z/zephyr/libzephyr.a(log_output.c.o)
                0x0000000000004b1c                log_output_msg_process
 .text.format_set
                0x0000000000004b82        0xc /Users/anitapereira/atividade-comunica-o-2-tradicionais/.pio/build/frdm_kl25z/zephyr/libzephyr.a(log_backend_uart.c.o)
 .text.log_backend_uart_init
                0x0000000000004b8e        0xc /Users/anitapereira/atividade-comunica-o-2-tradicionais/.pio/build/frdm_kl25z/zephyr/libzephyr.a(log_backend_uart.c.o)
 .text.panic    0x0000000000004b9a       0x32 /Users/anitapereira/atividade-comunica-o-2-tradicionais/.pio/build/frdm_kl25z/zephyr/libzephyr.a(log_backend_uart.c.o)
 .text.dropped  0x0000000000004bcc        0xe /Users/anitapereira/atividade-comunica-o-2-tradicionais/.pio/build/frdm_kl25z/zephyr/libzephyr.a(log_backend_uart.c.o)
 .text.process  0x0000000000004bda       0x1c /Users/anitapereira/atividade-comunica-o-2-tradicionais/.pio/build/frdm_kl25z/zephyr/libzephyr.a(log_backend_uart.c.o)
 .text.z_do_kernel_oops
                0x0000000000004bf6        0xc /Users/anitapereira/atividade-comunica-o-2-tradicionais/.pio/build/frdm_kl25z/zephyr/arch/arch/arm/core/libarch__arm__core.a(fatal.c.o)
                0x0000000000004bf6                z_do_kernel_oops
 .text.z_arm_nmi
                0x0000000000004c02        0xc /Users/anitapereira/atividade-comunica-o-2-tradicionais/.pio/build/frdm_kl25z/zephyr/arch/arch/arm/core/libarch__arm__core.a(nmi.c.o)
                0x0000000000004c02                z_arm_nmi
 .text.arm_irq_priority_set
                0x0000000000004c0e        0xa /Users/anitapereira/atividade-comunica-o-2-tradicionais/.pio/build/frdm_kl25z/zephyr/arch/arch/arm/core/cortex_m/libarch__arm__core__cortex_m.a(irq_manage.c.o)
                0x0000000000004c0e                arm_irq_priority_set
 .text.z_irq_spurious
                0x0000000000004c18        0xc /Users/anitapereira/atividade-comunica-o-2-tradicionais/.pio/build/frdm_kl25z/zephyr/arch/arch/arm/core/cortex_m/libarch__arm__core__cortex_m.a(irq_manage.c.o)
                0x0000000000004c18                z_irq_spurious
 .text.z_prep_c
                0x0000000000004c24       0x16 /Users/anitapereira/atividade-comunica-o-2-tradicionais/.pio/build/frdm_kl25z/zephyr/arch/arch/arm/core/cortex_m/libarch__arm__core__cortex_m.a(prep_c.c.o)
                0x0000000000004c24                z_prep_c
 .text.arch_irq_unlock_outlined
                0x0000000000004c3a        0xc /Users/anitapereira/atividade-comunica-o-2-tradicionais/.pio/build/frdm_kl25z/zephyr/arch/arch/arm/core/cortex_m/libarch__arm__core__cortex_m.a(thread.c.o)
                0x0000000000004c3a                arch_irq_unlock_outlined
 .text.arch_cpu_idle
                0x0000000000004c46        0xe /Users/anitapereira/atividade-comunica-o-2-tradicionais/.pio/build/frdm_kl25z/zephyr/arch/arch/arm/core/cortex_m/libarch__arm__core__cortex_m.a(cpu_idle.c.o)
                0x0000000000004c46                arch_cpu_idle
 .text.cbputc   0x0000000000004c54        0xc /Users/anitapereira/atividade-comunica-o-2-tradicionais/.pio/build/frdm_kl25z/zephyr/lib/libc/picolibc/liblib__libc__picolibc.a(cbprintf.c.o)
 .text.picolibc_put
                0x0000000000004c60        0xa /Users/anitapereira/atividade-comunica-o-2-tradicionais/.pio/build/frdm_kl25z/zephyr/lib/libc/picolibc/liblib__libc__picolibc.a(stdio.c.o)
 .text.mcux_mcg_on
                0x0000000000004c6a        0x4 /Users/anitapereira/atividade-comunica-o-2-tradicionais/.pio/build/frdm_kl25z/zephyr/drivers/clock_control/libdrivers__clock_control.a(clock_control_mcux_mcg.c.o)
 .text.mcux_mcg_get_rate
                0x0000000000004c6e       0x24 /Users/anitapereira/atividade-comunica-o-2-tradicionais/.pio/build/frdm_kl25z/zephyr/drivers/clock_control/libdrivers__clock_control.a(clock_control_mcux_mcg.c.o)
 .text.mcux_mcg_off
                0x0000000000004c92        0x4 /Users/anitapereira/atividade-comunica-o-2-tradicionais/.pio/build/frdm_kl25z/zephyr/drivers/clock_control/libdrivers__clock_control.a(clock_control_mcux_mcg.c.o)
 .text.mcux_sim_init
                0x0000000000004c96        0x4 /Users/anitapereira/atividade-comunica-o-2-tradicionais/.pio/build/frdm_kl25z/zephyr/drivers/clock_control/libdrivers__clock_control.a(clock_control_mcux_sim.c.o)
 .text.gpio_mcux_port_get_raw
                0x0000000000004c9a        0xc /Users/anitapereira/atividade-comunica-o-2-tradicionais/.pio/build/frdm_kl25z/zephyr/drivers/gpio/libdrivers__gpio.a(gpio_mcux.c.o)
 .text.gpio_mcux_port_set_masked_raw
                0x0000000000004ca6       0x12 /Users/anitapereira/atividade-comunica-o-2-tradicionais/.pio/build/frdm_kl25z/zephyr/drivers/gpio/libdrivers__gpio.a(gpio_mcux.c.o)
 .text.gpio_mcux_port_set_bits_raw
                0x0000000000004cb8        0xa /Users/anitapereira/atividade-comunica-o-2-tradicionais/.pio/build/frdm_kl25z/zephyr/drivers/gpio/libdrivers__gpio.a(gpio_mcux.c.o)
 .text.gpio_mcux_port_clear_bits_raw
                0x0000000000004cc2        0xa /Users/anitapereira/atividade-comunica-o-2-tradicionais/.pio/build/frdm_kl25z/zephyr/drivers/gpio/libdrivers__gpio.a(gpio_mcux.c.o)
 .text.gpio_mcux_port_toggle_bits
                0x0000000000004ccc        0xa /Users/anitapereira/atividade-comunica-o-2-tradicionais/.pio/build/frdm_kl25z/zephyr/drivers/gpio/libdrivers__gpio.a(gpio_mcux.c.o)
 .text.gpio_mcux_manage_callback
                0x0000000000004cd6       0x5c /Users/anitapereira/atividade-comunica-o-2-tradicionais/.pio/build/frdm_kl25z/zephyr/drivers/gpio/libdrivers__gpio.a(gpio_mcux.c.o)
 .text.gpio_mcux_port_isr
                0x0000000000004d32       0x30 /Users/anitapereira/atividade-comunica-o-2-tradicionais/.pio/build/frdm_kl25z/zephyr/drivers/gpio/libdrivers__gpio.a(gpio_mcux.c.o)
 .text.gpio_mcux_port1_init
                0x0000000000004d62        0x4 /Users/anitapereira/atividade-comunica-o-2-tradicionais/.pio/build/frdm_kl25z/zephyr/drivers/gpio/libdrivers__gpio.a(gpio_mcux.c.o)
 .text.gpio_mcux_port0_init
                0x0000000000004d66       0x16 /Users/anitapereira/atividade-comunica-o-2-tradicionais/.pio/build/frdm_kl25z/zephyr/drivers/gpio/libdrivers__gpio.a(gpio_mcux.c.o)
 .text.gpio_mcux_port2_init
                0x0000000000004d7c       0x16 /Users/anitapereira/atividade-comunica-o-2-tradicionais/.pio/build/frdm_kl25z/zephyr/drivers/gpio/libdrivers__gpio.a(gpio_mcux.c.o)
 .text.pinctrl_lookup_state
                0x0000000000004d92       0x28 /Users/anitapereira/atividade-comunica-o-2-tradicionais/.pio/build/frdm_kl25z/zephyr/drivers/pinctrl/libdrivers__pinctrl.a(common.c.o)
                0x0000000000004d92                pinctrl_lookup_state
 .text.mcux_lpsci_irq_update
                0x0000000000004dba        0x4 /Users/anitapereira/atividade-comunica-o-2-tradicionais/.pio/build/frdm_kl25z/zephyr/drivers/serial/libdrivers__serial.a(uart_mcux_lpsci.c.o)
 .text.mcux_lpsci_irq_callback_set
                0x0000000000004dbe        0x6 /Users/anitapereira/atividade-comunica-o-2-tradicionais/.pio/build/frdm_kl25z/zephyr/drivers/serial/libdrivers__serial.a(uart_mcux_lpsci.c.o)
 .text.mcux_lpsci_isr
                0x0000000000004dc4       0x10 /Users/anitapereira/atividade-comunica-o-2-tradicionais/.pio/build/frdm_kl25z/zephyr/drivers/serial/libdrivers__serial.a(uart_mcux_lpsci.c.o)
 .text.mcux_lpsci_irq_err_disable
                0x0000000000004dd4       0x10 /Users/anitapereira/atividade-comunica-o-2-tradicionais/.pio/build/frdm_kl25z/zephyr/drivers/serial/libdrivers__serial.a(uart_mcux_lpsci.c.o)
 .text.mcux_lpsci_irq_rx_disable
                0x0000000000004de4       0x10 /Users/anitapereira/atividade-comunica-o-2-tradicionais/.pio/build/frdm_kl25z/zephyr/drivers/serial/libdrivers__serial.a(uart_mcux_lpsci.c.o)
 .text.mcux_lpsci_irq_tx_disable
                0x0000000000004df4       0x10 /Users/anitapereira/atividade-comunica-o-2-tradicionais/.pio/build/frdm_kl25z/zephyr/drivers/serial/libdrivers__serial.a(uart_mcux_lpsci.c.o)
 .text.mcux_lpsci_irq_err_enable
                0x0000000000004e04       0x10 /Users/anitapereira/atividade-comunica-o-2-tradicionais/.pio/build/frdm_kl25z/zephyr/drivers/serial/libdrivers__serial.a(uart_mcux_lpsci.c.o)
 .text.mcux_lpsci_irq_rx_enable
                0x0000000000004e14       0x10 /Users/anitapereira/atividade-comunica-o-2-tradicionais/.pio/build/frdm_kl25z/zephyr/drivers/serial/libdrivers__serial.a(uart_mcux_lpsci.c.o)
 .text.mcux_lpsci_irq_tx_enable
                0x0000000000004e24       0x10 /Users/anitapereira/atividade-comunica-o-2-tradicionais/.pio/build/frdm_kl25z/zephyr/drivers/serial/libdrivers__serial.a(uart_mcux_lpsci.c.o)
 .text.mcux_lpsci_irq_rx_full
                0x0000000000004e34       0x10 /Users/anitapereira/atividade-comunica-o-2-tradicionais/.pio/build/frdm_kl25z/zephyr/drivers/serial/libdrivers__serial.a(uart_mcux_lpsci.c.o)
 .text.mcux_lpsci_irq_tx_complete
                0x0000000000004e44       0x10 /Users/anitapereira/atividade-comunica-o-2-tradicionais/.pio/build/frdm_kl25z/zephyr/drivers/serial/libdrivers__serial.a(uart_mcux_lpsci.c.o)
 .text.mcux_lpsci_irq_tx_ready
                0x0000000000004e54       0x20 /Users/anitapereira/atividade-comunica-o-2-tradicionais/.pio/build/frdm_kl25z/zephyr/drivers/serial/libdrivers__serial.a(uart_mcux_lpsci.c.o)
 .text.mcux_lpsci_fifo_read
                0x0000000000004e74       0x2a /Users/anitapereira/atividade-comunica-o-2-tradicionais/.pio/build/frdm_kl25z/zephyr/drivers/serial/libdrivers__serial.a(uart_mcux_lpsci.c.o)
 .text.mcux_lpsci_fifo_fill
                0x0000000000004e9e       0x2a /Users/anitapereira/atividade-comunica-o-2-tradicionais/.pio/build/frdm_kl25z/zephyr/drivers/serial/libdrivers__serial.a(uart_mcux_lpsci.c.o)
 .text.mcux_lpsci_poll_out
                0x0000000000004ec8       0x18 /Users/anitapereira/atividade-comunica-o-2-tradicionais/.pio/build/frdm_kl25z/zephyr/drivers/serial/libdrivers__serial.a(uart_mcux_lpsci.c.o)
 .text.mcux_lpsci_poll_in
                0x0000000000004ee0       0x20 /Users/anitapereira/atividade-comunica-o-2-tradicionais/.pio/build/frdm_kl25z/zephyr/drivers/serial/libdrivers__serial.a(uart_mcux_lpsci.c.o)
 .text.mcux_lpsci_err_check
                0x0000000000004f00       0x2c /Users/anitapereira/atividade-comunica-o-2-tradicionais/.pio/build/frdm_kl25z/zephyr/drivers/serial/libdrivers__serial.a(uart_mcux_lpsci.c.o)
 .text.mcux_lpsci_config_func_0
                0x0000000000004f2c       0x14 /Users/anitapereira/atividade-comunica-o-2-tradicionais/.pio/build/frdm_kl25z/zephyr/drivers/serial/libdrivers__serial.a(uart_mcux_lpsci.c.o)
 .text.mcux_lpsci_irq_is_pending
                0x0000000000004f40       0x2c /Users/anitapereira/atividade-comunica-o-2-tradicionais/.pio/build/frdm_kl25z/zephyr/drivers/serial/libdrivers__serial.a(uart_mcux_lpsci.c.o)
 .text.mcux_lpsci_init
                0x0000000000004f6c       0x76 /Users/anitapereira/atividade-comunica-o-2-tradicionais/.pio/build/frdm_kl25z/zephyr/drivers/serial/libdrivers__serial.a(uart_mcux_lpsci.c.o)
 .text.LPSCI_GetDefaultConfig
                0x0000000000004fe2       0x1c /Users/anitapereira/atividade-comunica-o-2-tradicionais/.pio/build/frdm_kl25z/modules/hal_nxp/libmodules__hal_nxp.a(fsl_lpsci.c.o)
                0x0000000000004fe2                LPSCI_GetDefaultConfig
 .text.LPSCI_GetStatusFlags
                0x0000000000004ffe        0xa /Users/anitapereira/atividade-comunica-o-2-tradicionais/.pio/build/frdm_kl25z/modules/hal_nxp/libmodules__hal_nxp.a(fsl_lpsci.c.o)
                0x0000000000004ffe                LPSCI_GetStatusFlags
 .text._OffsetAbsSyms
                0x0000000000005008        0x2 /Users/anitapereira/atividade-comunica-o-2-tradicionais/.pio/build/frdm_kl25z/zephyr/liboffsets.a(offsets.c.o)
                0x0000000000005008                _OffsetAbsSyms
 .text.z_device_state_init
                0x000000000000500a        0x2 /Users/anitapereira/atividade-comunica-o-2-tradicionais/.pio/build/frdm_kl25z/zephyr/kernel/libkernel.a(device.c.o)
                0x000000000000500a                z_device_state_init
 .text.z_impl_device_is_ready
                0x000000000000500c       0x1a /Users/anitapereira/atividade-comunica-o-2-tradicionais/.pio/build/frdm_kl25z/zephyr/kernel/libkernel.a(device.c.o)
                0x000000000000500c                z_impl_device_is_ready
 .text.arch_system_halt
                0x0000000000005026        0x8 /Users/anitapereira/atividade-comunica-o-2-tradicionais/.pio/build/frdm_kl25z/zephyr/kernel/libkernel.a(fatal.c.o)
                0x0000000000005026                arch_system_halt
 .text.do_device_init
                0x000000000000502e       0x30 /Users/anitapereira/atividade-comunica-o-2-tradicionais/.pio/build/frdm_kl25z/zephyr/kernel/libkernel.a(init.c.o)
 .text.z_early_memset
                0x000000000000505e        0x8 /Users/anitapereira/atividade-comunica-o-2-tradicionais/.pio/build/frdm_kl25z/zephyr/kernel/libkernel.a(init.c.o)
                0x000000000000505e                z_early_memset
 .text.z_early_memcpy
                0x0000000000005066        0x8 /Users/anitapereira/atividade-comunica-o-2-tradicionais/.pio/build/frdm_kl25z/zephyr/kernel/libkernel.a(init.c.o)
                0x0000000000005066                z_early_memcpy
 .text.idle     0x000000000000506e        0xe /Users/anitapereira/atividade-comunica-o-2-tradicionais/.pio/build/frdm_kl25z/zephyr/kernel/libkernel.a(idle.c.o)
                0x000000000000506e                idle
 .text.unpend_thread_no_timeout
                0x000000000000507c       0x1a /Users/anitapereira/atividade-comunica-o-2-tradicionais/.pio/build/frdm_kl25z/zephyr/kernel/libkernel.a(msg_q.c.o)
 .text.z_impl_k_sem_init
                0x0000000000005096       0x1a /Users/anitapereira/atividade-comunica-o-2-tradicionais/.pio/build/frdm_kl25z/zephyr/kernel/libkernel.a(sem.c.o)
                0x0000000000005096                z_impl_k_sem_init
 .text.k_is_in_isr
                0x00000000000050b0        0xc /Users/anitapereira/atividade-comunica-o-2-tradicionais/.pio/build/frdm_kl25z/zephyr/kernel/libkernel.a(thread.c.o)
                0x00000000000050b0                k_is_in_isr
 .text.k_thread_name_get
                0x00000000000050bc        0x4 /Users/anitapereira/atividade-comunica-o-2-tradicionais/.pio/build/frdm_kl25z/zephyr/kernel/libkernel.a(thread.c.o)
                0x00000000000050bc                k_thread_name_get
 .text.sys_dlist_remove
                0x00000000000050c0       0x10 /Users/anitapereira/atividade-comunica-o-2-tradicionais/.pio/build/frdm_kl25z/zephyr/kernel/libkernel.a(sched.c.o)
 .text.unpend_thread_no_timeout
                0x00000000000050d0       0x16 /Users/anitapereira/atividade-comunica-o-2-tradicionais/.pio/build/frdm_kl25z/zephyr/kernel/libkernel.a(sched.c.o)
 .text.add_to_waitq_locked
                0x00000000000050e6       0x58 /Users/anitapereira/atividade-comunica-o-2-tradicionais/.pio/build/frdm_kl25z/zephyr/kernel/libkernel.a(sched.c.o)
 .text.z_ready_thread
                0x000000000000513e       0x18 /Users/anitapereira/atividade-comunica-o-2-tradicionais/.pio/build/frdm_kl25z/zephyr/kernel/libkernel.a(sched.c.o)
                0x000000000000513e                z_ready_thread
 .text.z_unpend_thread_no_timeout
                0x0000000000005156       0x1e /Users/anitapereira/atividade-comunica-o-2-tradicionais/.pio/build/frdm_kl25z/zephyr/kernel/libkernel.a(sched.c.o)
                0x0000000000005156                z_unpend_thread_no_timeout
 .text.z_sched_wake_thread
                0x0000000000005174       0x36 /Users/anitapereira/atividade-comunica-o-2-tradicionais/.pio/build/frdm_kl25z/zephyr/kernel/libkernel.a(sched.c.o)
                0x0000000000005174                z_sched_wake_thread
 .text.z_thread_timeout
                0x00000000000051aa        0xc /Users/anitapereira/atividade-comunica-o-2-tradicionais/.pio/build/frdm_kl25z/zephyr/kernel/libkernel.a(sched.c.o)
                0x00000000000051aa                z_thread_timeout
 .text.z_unpend1_no_timeout
                0x00000000000051b6       0x2a /Users/anitapereira/atividade-comunica-o-2-tradicionais/.pio/build/frdm_kl25z/zephyr/kernel/libkernel.a(sched.c.o)
                0x00000000000051b6                z_unpend1_no_timeout
 .text.z_abort_timeout
                0x00000000000051e0       0x4e /Users/anitapereira/atividade-comunica-o-2-tradicionais/.pio/build/frdm_kl25z/zephyr/kernel/libkernel.a(timeout.c.o)
                0x00000000000051e0                z_abort_timeout
 .text.sys_clock_tick_get_32
                0x000000000000522e        0x8 /Users/anitapereira/atividade-comunica-o-2-tradicionais/.pio/build/frdm_kl25z/zephyr/kernel/libkernel.a(timeout.c.o)
                0x000000000000522e                sys_clock_tick_get_32
 .text.z_impl_k_uptime_ticks
                0x0000000000005236        0x8 /Users/anitapereira/atividade-comunica-o-2-tradicionais/.pio/build/frdm_kl25z/zephyr/kernel/libkernel.a(timeout.c.o)
                0x0000000000005236                z_impl_k_uptime_ticks
 .text.k_timer_init
                0x000000000000523e       0x18 /Users/anitapereira/atividade-comunica-o-2-tradicionais/.pio/build/frdm_kl25z/zephyr/kernel/libkernel.a(timer.c.o)
                0x000000000000523e                k_timer_init
 .text.z_impl_k_timer_stop
                0x0000000000005256       0x32 /Users/anitapereira/atividade-comunica-o-2-tradicionais/.pio/build/frdm_kl25z/zephyr/kernel/libkernel.a(timer.c.o)
                0x0000000000005256                z_impl_k_timer_stop
 .text.z_impl_atomic_add
                0x0000000000005288       0x1a /Users/anitapereira/atividade-comunica-o-2-tradicionais/.pio/build/frdm_kl25z/zephyr/kernel/libkernel.a(atomic_c.c.o)
                0x0000000000005288                z_impl_atomic_add
 .text.z_impl_atomic_sub
                0x00000000000052a2       0x1a /Users/anitapereira/atividade-comunica-o-2-tradicionais/.pio/build/frdm_kl25z/zephyr/kernel/libkernel.a(atomic_c.c.o)
                0x00000000000052a2                z_impl_atomic_sub
 .text.z_impl_atomic_set
                0x00000000000052bc       0x18 /Users/anitapereira/atividade-comunica-o-2-tradicionais/.pio/build/frdm_kl25z/zephyr/kernel/libkernel.a(atomic_c.c.o)
                0x00000000000052bc                z_impl_atomic_set
 .text.k_heap_init
                0x00000000000052d4       0x10 /Users/anitapereira/atividade-comunica-o-2-tradicionais/.pio/build/frdm_kl25z/zephyr/kernel/libkernel.a(kheap.c.o)
                0x00000000000052d4                k_heap_init
 .text.memcpy   0x00000000000052e4       0x12 /Users/anitapereira/atividade-comunica-o-2-tradicionais/.pio/build/frdm_kl25z/modules/picolibc/libc.a(memcpy.c.o)
                0x00000000000052e4                memcpy
                0x00000000000052e4                __aeabi_memcpy
                0x00000000000052e4                __aeabi_memcpy4
                0x00000000000052e4                __aeabi_memcpy8
 .text.memset   0x00000000000052f6       0x10 /Users/anitapereira/atividade-comunica-o-2-tradicionais/.pio/build/frdm_kl25z/modules/picolibc/libc.a(memset.c.o)
                0x00000000000052f6                memset
 .text.strncpy  0x0000000000005306       0x28 /Users/anitapereira/atividade-comunica-o-2-tradicionais/.pio/build/frdm_kl25z/modules/picolibc/libc.a(strncpy.c.o)
                0x0000000000005306                strncpy
 .text.strnlen  0x000000000000532e       0x16 /Users/anitapereira/atividade-comunica-o-2-tradicionais/.pio/build/frdm_kl25z/modules/picolibc/libc.a(strnlen.c.o)
                0x000000000000532e                strnlen
 .text.__ultoa_invert
                0x0000000000005344      0x120 /Users/anitapereira/atividade-comunica-o-2-tradicionais/.pio/build/frdm_kl25z/modules/picolibc/libc.a(vflprintf.c.o)
 .text.skip_to_arg
                0x0000000000005464      0x12e /Users/anitapereira/atividade-comunica-o-2-tradicionais/.pio/build/frdm_kl25z/modules/picolibc/libc.a(vflprintf.c.o)
 .text.__file_str_put
                0x0000000000005592       0x10 /Users/anitapereira/atividade-comunica-o-2-tradicionais/.pio/build/frdm_kl25z/modules/picolibc/libc.a(filestrput.c.o)
                0x0000000000005592                __file_str_put
 *(SORT_BY_ALIGNMENT(.TEXT.*))
 *(SORT_BY_ALIGNMENT(.gnu.linkonce.t.*))
 *(SORT_BY_ALIGNMENT(.glue_7t))
 .glue_7t       0x00000000000055a2        0x0 linker stubs
 *(SORT_BY_ALIGNMENT(.glue_7))
 .glue_7        0x00000000000055a2        0x0 linker stubs
 *(SORT_BY_ALIGNMENT(.vfp11_veneer))
 .vfp11_veneer  0x00000000000055a2        0x0 linker stubs
 *(SORT_BY_ALIGNMENT(.v4_bx))
 .v4_bx         0x00000000000055a2        0x0 linker stubs
                0x00000000000055a4                . = ALIGN (0x4)
 *fill*         0x00000000000055a2        0x2 
                0x00000000000055a4                __text_region_end = .

.ARM.exidx      0x00000000000055a4        0x8
                0x00000000000055a4                __exidx_start = .
 *(SORT_BY_ALIGNMENT(.ARM.exidx*) SORT_BY_ALIGNMENT(gnu.linkonce.armexidx.*))
 .ARM.exidx     0x00000000000055a4        0x8 /Users/anitapereira/.platformio/packages/toolchain-gccarmnoneeabi/bin/../lib/gcc/arm-none-eabi/8.2.1/thumb/v6-m/nofp/libgcc.a(_udivmoddi4.o)
                0x00000000000055ac                __exidx_end = .
                0x00000000000055ac                __rodata_region_start = .

initlevel       0x00000000000055ac       0x80
                0x00000000000055ac                __init_start = .
                0x00000000000055ac                __init_EARLY_start = .
 *(SORT_BY_NAME(SORT_BY_ALIGNMENT(.z_init_EARLY_P_?_*)))
 *(SORT_BY_NAME(SORT_BY_ALIGNMENT(.z_init_EARLY_P_??_*)))
 *(SORT_BY_NAME(SORT_BY_ALIGNMENT(.z_init_EARLY_P_???_*)))
                0x00000000000055ac                __init_PRE_KERNEL_1_start = .
 *(SORT_BY_NAME(SORT_BY_ALIGNMENT(.z_init_PRE_KERNEL_1_P_?_*)))
 *(SORT_BY_NAME(SORT_BY_ALIGNMENT(.z_init_PRE_KERNEL_1_P_??_*)))
 .z_init_PRE_KERNEL_1_P_30_SUB_00009_
                0x00000000000055ac        0x8 /Users/anitapereira/atividade-comunica-o-2-tradicionais/.pio/build/frdm_kl25z/zephyr/drivers/clock_control/libdrivers__clock_control.a(clock_control_mcux_sim.c.o)
 .z_init_PRE_KERNEL_1_P_30_SUB_00043_
                0x00000000000055b4        0x8 /Users/anitapereira/atividade-comunica-o-2-tradicionais/.pio/build/frdm_kl25z/zephyr/drivers/clock_control/libdrivers__clock_control.a(clock_control_mcux_mcg.c.o)
 .z_init_PRE_KERNEL_1_P_30_SUB_0_
                0x00000000000055bc        0x8 /Users/anitapereira/atividade-comunica-o-2-tradicionais/.pio/build/frdm_kl25z/zephyr/kernel/libkernel.a(kheap.c.o)
 .z_init_PRE_KERNEL_1_P_40_SUB_00010_
                0x00000000000055c4        0x8 /Users/anitapereira/atividade-comunica-o-2-tradicionais/.pio/build/frdm_kl25z/zephyr/drivers/pinctrl/libdrivers__pinctrl.a(pinctrl_nxp_port.c.o)
 .z_init_PRE_KERNEL_1_P_40_SUB_00015_
                0x00000000000055cc        0x8 /Users/anitapereira/atividade-comunica-o-2-tradicionais/.pio/build/frdm_kl25z/zephyr/drivers/pinctrl/libdrivers__pinctrl.a(pinctrl_nxp_port.c.o)
 .z_init_PRE_KERNEL_1_P_40_SUB_00017_
                0x00000000000055d4        0x8 /Users/anitapereira/atividade-comunica-o-2-tradicionais/.pio/build/frdm_kl25z/zephyr/drivers/pinctrl/libdrivers__pinctrl.a(pinctrl_nxp_port.c.o)
 .z_init_PRE_KERNEL_1_P_40_SUB_00031_
                0x00000000000055dc        0x8 /Users/anitapereira/atividade-comunica-o-2-tradicionais/.pio/build/frdm_kl25z/zephyr/drivers/pinctrl/libdrivers__pinctrl.a(pinctrl_nxp_port.c.o)
 .z_init_PRE_KERNEL_1_P_40_SUB_00033_
                0x00000000000055e4        0x8 /Users/anitapereira/atividade-comunica-o-2-tradicionais/.pio/build/frdm_kl25z/zephyr/drivers/pinctrl/libdrivers__pinctrl.a(pinctrl_nxp_port.c.o)
 .z_init_PRE_KERNEL_1_P_50_SUB_00037_
                0x00000000000055ec        0x8 /Users/anitapereira/atividade-comunica-o-2-tradicionais/.pio/build/frdm_kl25z/zephyr/drivers/serial/libdrivers__serial.a(uart_mcux_lpsci.c.o)
 .z_init_PRE_KERNEL_1_P_60_SUB_0_
                0x00000000000055f4        0x8 /Users/anitapereira/atividade-comunica-o-2-tradicionais/.pio/build/frdm_kl25z/zephyr/drivers/console/libdrivers__console.a(uart_console.c.o)
 *(SORT_BY_NAME(SORT_BY_ALIGNMENT(.z_init_PRE_KERNEL_1_P_???_*)))
                0x00000000000055fc                __init_PRE_KERNEL_2_start = .
 *(SORT_BY_NAME(SORT_BY_ALIGNMENT(.z_init_PRE_KERNEL_2_P_?_*)))
 .z_init_PRE_KERNEL_2_P_0_SUB_0_
                0x00000000000055fc        0x8 /Users/anitapereira/atividade-comunica-o-2-tradicionais/.pio/build/frdm_kl25z/zephyr/drivers/timer/libdrivers__timer.a(cortex_m_systick.c.o)
 *(SORT_BY_NAME(SORT_BY_ALIGNMENT(.z_init_PRE_KERNEL_2_P_??_*)))
 *(SORT_BY_NAME(SORT_BY_ALIGNMENT(.z_init_PRE_KERNEL_2_P_???_*)))
                0x0000000000005604                __init_POST_KERNEL_start = .
 *(SORT_BY_NAME(SORT_BY_ALIGNMENT(.z_init_POST_KERNEL_P_?_*)))
 .z_init_POST_KERNEL_P_0_SUB_0_
                0x0000000000005604        0x8 /Users/anitapereira/atividade-comunica-o-2-tradicionais/.pio/build/frdm_kl25z/zephyr/libzephyr.a(log_core.c.o)
 *(SORT_BY_NAME(SORT_BY_ALIGNMENT(.z_init_POST_KERNEL_P_??_*)))
 .z_init_POST_KERNEL_P_35_SUB_0_
                0x000000000000560c        0x8 /Users/anitapereira/atividade-comunica-o-2-tradicionais/.pio/build/frdm_kl25z/zephyr/lib/libc/common/liblib__libc__common.a(malloc.c.o)
 .z_init_POST_KERNEL_P_40_SUB_00011_
                0x0000000000005614        0x8 /Users/anitapereira/atividade-comunica-o-2-tradicionais/.pio/build/frdm_kl25z/zephyr/drivers/gpio/libdrivers__gpio.a(gpio_mcux.c.o)
 .z_init_POST_KERNEL_P_40_SUB_00016_
                0x000000000000561c        0x8 /Users/anitapereira/atividade-comunica-o-2-tradicionais/.pio/build/frdm_kl25z/zephyr/drivers/gpio/libdrivers__gpio.a(gpio_mcux.c.o)
 .z_init_POST_KERNEL_P_40_SUB_00018_
                0x0000000000005624        0x8 /Users/anitapereira/atividade-comunica-o-2-tradicionais/.pio/build/frdm_kl25z/zephyr/drivers/gpio/libdrivers__gpio.a(gpio_mcux.c.o)
 *(SORT_BY_NAME(SORT_BY_ALIGNMENT(.z_init_POST_KERNEL_P_???_*)))
                0x000000000000562c                __init_APPLICATION_start = .
 *(SORT_BY_NAME(SORT_BY_ALIGNMENT(.z_init_APPLICATION_P_?_*)))
 *(SORT_BY_NAME(SORT_BY_ALIGNMENT(.z_init_APPLICATION_P_??_*)))
 *(SORT_BY_NAME(SORT_BY_ALIGNMENT(.z_init_APPLICATION_P_???_*)))
                0x000000000000562c                __init_SMP_start = .
 *(SORT_BY_NAME(SORT_BY_ALIGNMENT(.z_init_SMP_P_?_*)))
 *(SORT_BY_NAME(SORT_BY_ALIGNMENT(.z_init_SMP_P_??_*)))
 *(SORT_BY_NAME(SORT_BY_ALIGNMENT(.z_init_SMP_P_???_*)))
                0x000000000000562c                __init_end = .

device_area     0x000000000000562c      0x160
                0x000000000000562c                _device_list_start = .
 *(SORT_BY_NAME(SORT_BY_ALIGNMENT(._device.static.*_?_*)))
 *(SORT_BY_NAME(SORT_BY_ALIGNMENT(._device.static.*_??_*)))
 ._device.static.1_30_
                0x000000000000562c       0x20 /Users/anitapereira/atividade-comunica-o-2-tradicionais/.pio/build/frdm_kl25z/zephyr/drivers/clock_control/libdrivers__clock_control.a(clock_control_mcux_mcg.c.o)
                0x000000000000562c                __device_dts_ord_43
 ._device.static.1_30_
                0x000000000000564c       0x20 /Users/anitapereira/atividade-comunica-o-2-tradicionais/.pio/build/frdm_kl25z/zephyr/drivers/clock_control/libdrivers__clock_control.a(clock_control_mcux_sim.c.o)
                0x000000000000564c                __device_dts_ord_9
 ._device.static.1_40_
                0x000000000000566c       0xa0 /Users/anitapereira/atividade-comunica-o-2-tradicionais/.pio/build/frdm_kl25z/zephyr/drivers/pinctrl/libdrivers__pinctrl.a(pinctrl_nxp_port.c.o)
                0x000000000000566c                __device_dts_ord_33
                0x000000000000568c                __device_dts_ord_17
                0x00000000000056ac                __device_dts_ord_31
                0x00000000000056cc                __device_dts_ord_15
                0x00000000000056ec                __device_dts_ord_10
 ._device.static.1_50_
                0x000000000000570c       0x20 /Users/anitapereira/atividade-comunica-o-2-tradicionais/.pio/build/frdm_kl25z/zephyr/drivers/serial/libdrivers__serial.a(uart_mcux_lpsci.c.o)
                0x000000000000570c                __device_dts_ord_37
 ._device.static.3_40_
                0x000000000000572c       0x60 /Users/anitapereira/atividade-comunica-o-2-tradicionais/.pio/build/frdm_kl25z/zephyr/drivers/gpio/libdrivers__gpio.a(gpio_mcux.c.o)
                0x000000000000572c                __device_dts_ord_18
                0x000000000000574c                __device_dts_ord_16
                0x000000000000576c                __device_dts_ord_11
 *(SORT_BY_NAME(SORT_BY_ALIGNMENT(._device.static.*_???_*)))
 *(SORT_BY_NAME(SORT_BY_ALIGNMENT(._device.static.*_????_*)))
 *(SORT_BY_NAME(SORT_BY_ALIGNMENT(._device.static.*_?????_*)))
                0x000000000000578c                _device_list_end = .

initlevel_error
                0x00000000000055ac        0x0
 *(SORT_BY_NAME(SORT_BY_ALIGNMENT(.z_init_*)))
                0x0000000000000001                ASSERT ((SIZEOF (initlevel_error) == 0x0), Undefined initialization levels used.)

app_shmem_regions
                0x000000000000578c        0x0
                0x000000000000578c                __app_shmem_regions_start = .
 *(SORT_BY_NAME(SORT_BY_ALIGNMENT(.app_regions.*)))
                0x000000000000578c                __app_shmem_regions_end = .

k_p4wq_initparam_area
                0x000000000000578c        0x0
                0x000000000000578c                _k_p4wq_initparam_list_start = .
 *(SORT_BY_NAME(SORT_BY_ALIGNMENT(._k_p4wq_initparam.static.*)))
                0x000000000000578c                _k_p4wq_initparam_list_end = .

_static_thread_data_area
                0x000000000000578c        0x0
                0x000000000000578c                __static_thread_data_list_start = .
 *(SORT_BY_NAME(SORT_BY_ALIGNMENT(.__static_thread_data.static.*)))
                0x000000000000578c                __static_thread_data_list_end = .

device_deps     0x000000000000578c        0x0
                0x000000000000578c                __device_deps_start = .
 *(SORT_BY_NAME(SORT_BY_ALIGNMENT(.__device_deps_pass2*)))
                0x000000000000578c                __device_deps_end = .

gpio_driver_api_area
                0x000000000000578c       0x24
                0x000000000000578c                _gpio_driver_api_list_start = .
 *(SORT_BY_NAME(SORT_BY_ALIGNMENT(._gpio_driver_api.static.*)))
 ._gpio_driver_api.static.gpio_mcux_driver_api_
                0x000000000000578c       0x24 /Users/anitapereira/atividade-comunica-o-2-tradicionais/.pio/build/frdm_kl25z/zephyr/drivers/gpio/libdrivers__gpio.a(gpio_mcux.c.o)
                0x00000000000057b0                _gpio_driver_api_list_end = .

shared_irq_driver_api_area
                0x00000000000057b0        0x0
                0x00000000000057b0                _shared_irq_driver_api_list_start = .
 *(SORT_BY_NAME(SORT_BY_ALIGNMENT(._shared_irq_driver_api.static.*)))
                0x00000000000057b0                _shared_irq_driver_api_list_end = .

crypto_driver_api_area
                0x00000000000057b0        0x0
                0x00000000000057b0                _crypto_driver_api_list_start = .
 *(SORT_BY_NAME(SORT_BY_ALIGNMENT(._crypto_driver_api.static.*)))
                0x00000000000057b0                _crypto_driver_api_list_end = .

adc_driver_api_area
                0x00000000000057b0        0x0
                0x00000000000057b0                _adc_driver_api_list_start = .
 *(SORT_BY_NAME(SORT_BY_ALIGNMENT(._adc_driver_api.static.*)))
                0x00000000000057b0                _adc_driver_api_list_end = .

auxdisplay_driver_api_area
                0x00000000000057b0        0x0
                0x00000000000057b0                _auxdisplay_driver_api_list_start = .
 *(SORT_BY_NAME(SORT_BY_ALIGNMENT(._auxdisplay_driver_api.static.*)))
                0x00000000000057b0                _auxdisplay_driver_api_list_end = .

bbram_driver_api_area
                0x00000000000057b0        0x0
                0x00000000000057b0                _bbram_driver_api_list_start = .
 *(SORT_BY_NAME(SORT_BY_ALIGNMENT(._bbram_driver_api.static.*)))
                0x00000000000057b0                _bbram_driver_api_list_end = .

bt_hci_driver_api_area
                0x00000000000057b0        0x0
                0x00000000000057b0                _bt_hci_driver_api_list_start = .
 *(SORT_BY_NAME(SORT_BY_ALIGNMENT(._bt_hci_driver_api.static.*)))
                0x00000000000057b0                _bt_hci_driver_api_list_end = .

can_driver_api_area
                0x00000000000057b0        0x0
                0x00000000000057b0                _can_driver_api_list_start = .
 *(SORT_BY_NAME(SORT_BY_ALIGNMENT(._can_driver_api.static.*)))
                0x00000000000057b0                _can_driver_api_list_end = .

cellular_driver_api_area
                0x00000000000057b0        0x0
                0x00000000000057b0                _cellular_driver_api_list_start = .
 *(SORT_BY_NAME(SORT_BY_ALIGNMENT(._cellular_driver_api.static.*)))
                0x00000000000057b0                _cellular_driver_api_list_end = .

charger_driver_api_area
                0x00000000000057b0        0x0
                0x00000000000057b0                _charger_driver_api_list_start = .
 *(SORT_BY_NAME(SORT_BY_ALIGNMENT(._charger_driver_api.static.*)))
                0x00000000000057b0                _charger_driver_api_list_end = .

clock_control_driver_api_area
                0x00000000000057b0       0x38
                0x00000000000057b0                _clock_control_driver_api_list_start = .
 *(SORT_BY_NAME(SORT_BY_ALIGNMENT(._clock_control_driver_api.static.*)))
 ._clock_control_driver_api.static.mcux_mcg_driver_api_
                0x00000000000057b0       0x1c /Users/anitapereira/atividade-comunica-o-2-tradicionais/.pio/build/frdm_kl25z/zephyr/drivers/clock_control/libdrivers__clock_control.a(clock_control_mcux_mcg.c.o)
 ._clock_control_driver_api.static.mcux_sim_driver_api_
                0x00000000000057cc       0x1c /Users/anitapereira/atividade-comunica-o-2-tradicionais/.pio/build/frdm_kl25z/zephyr/drivers/clock_control/libdrivers__clock_control.a(clock_control_mcux_sim.c.o)
                0x00000000000057e8                _clock_control_driver_api_list_end = .

comparator_driver_api_area
                0x00000000000057e8        0x0
                0x00000000000057e8                _comparator_driver_api_list_start = .
 *(SORT_BY_NAME(SORT_BY_ALIGNMENT(._comparator_driver_api.static.*)))
                0x00000000000057e8                _comparator_driver_api_list_end = .

coredump_driver_api_area
                0x00000000000057e8        0x0
                0x00000000000057e8                _coredump_driver_api_list_start = .
 *(SORT_BY_NAME(SORT_BY_ALIGNMENT(._coredump_driver_api.static.*)))
                0x00000000000057e8                _coredump_driver_api_list_end = .

counter_driver_api_area
                0x00000000000057e8        0x0
                0x00000000000057e8                _counter_driver_api_list_start = .
 *(SORT_BY_NAME(SORT_BY_ALIGNMENT(._counter_driver_api.static.*)))
                0x00000000000057e8                _counter_driver_api_list_end = .

dac_driver_api_area
                0x00000000000057e8        0x0
                0x00000000000057e8                _dac_driver_api_list_start = .
 *(SORT_BY_NAME(SORT_BY_ALIGNMENT(._dac_driver_api.static.*)))
                0x00000000000057e8                _dac_driver_api_list_end = .

dai_driver_api_area
                0x00000000000057e8        0x0
                0x00000000000057e8                _dai_driver_api_list_start = .
 *(SORT_BY_NAME(SORT_BY_ALIGNMENT(._dai_driver_api.static.*)))
                0x00000000000057e8                _dai_driver_api_list_end = .

display_driver_api_area
                0x00000000000057e8        0x0
                0x00000000000057e8                _display_driver_api_list_start = .
 *(SORT_BY_NAME(SORT_BY_ALIGNMENT(._display_driver_api.static.*)))
                0x00000000000057e8                _display_driver_api_list_end = .

dma_driver_api_area
                0x00000000000057e8        0x0
                0x00000000000057e8                _dma_driver_api_list_start = .
 *(SORT_BY_NAME(SORT_BY_ALIGNMENT(._dma_driver_api.static.*)))
                0x00000000000057e8                _dma_driver_api_list_end = .

edac_driver_api_area
                0x00000000000057e8        0x0
                0x00000000000057e8                _edac_driver_api_list_start = .
 *(SORT_BY_NAME(SORT_BY_ALIGNMENT(._edac_driver_api.static.*)))
                0x00000000000057e8                _edac_driver_api_list_end = .

eeprom_driver_api_area
                0x00000000000057e8        0x0
                0x00000000000057e8                _eeprom_driver_api_list_start = .
 *(SORT_BY_NAME(SORT_BY_ALIGNMENT(._eeprom_driver_api.static.*)))
                0x00000000000057e8                _eeprom_driver_api_list_end = .

emul_bbram_driver_api_area
                0x00000000000057e8        0x0
                0x00000000000057e8                _emul_bbram_driver_api_list_start = .
 *(SORT_BY_NAME(SORT_BY_ALIGNMENT(._emul_bbram_driver_api.static.*)))
                0x00000000000057e8                _emul_bbram_driver_api_list_end = .

fuel_gauge_emul_driver_api_area
                0x00000000000057e8        0x0
                0x00000000000057e8                _fuel_gauge_emul_driver_api_list_start = .
 *(SORT_BY_NAME(SORT_BY_ALIGNMENT(._fuel_gauge_emul_driver_api.static.*)))
                0x00000000000057e8                _fuel_gauge_emul_driver_api_list_end = .

emul_sensor_driver_api_area
                0x00000000000057e8        0x0
                0x00000000000057e8                _emul_sensor_driver_api_list_start = .
 *(SORT_BY_NAME(SORT_BY_ALIGNMENT(._emul_sensor_driver_api.static.*)))
                0x00000000000057e8                _emul_sensor_driver_api_list_end = .

entropy_driver_api_area
                0x00000000000057e8        0x0
                0x00000000000057e8                _entropy_driver_api_list_start = .
 *(SORT_BY_NAME(SORT_BY_ALIGNMENT(._entropy_driver_api.static.*)))
                0x00000000000057e8                _entropy_driver_api_list_end = .

espi_driver_api_area
                0x00000000000057e8        0x0
                0x00000000000057e8                _espi_driver_api_list_start = .
 *(SORT_BY_NAME(SORT_BY_ALIGNMENT(._espi_driver_api.static.*)))
                0x00000000000057e8                _espi_driver_api_list_end = .

espi_saf_driver_api_area
                0x00000000000057e8        0x0
                0x00000000000057e8                _espi_saf_driver_api_list_start = .
 *(SORT_BY_NAME(SORT_BY_ALIGNMENT(._espi_saf_driver_api.static.*)))
                0x00000000000057e8                _espi_saf_driver_api_list_end = .

flash_driver_api_area
                0x00000000000057e8        0x0
                0x00000000000057e8                _flash_driver_api_list_start = .
 *(SORT_BY_NAME(SORT_BY_ALIGNMENT(._flash_driver_api.static.*)))
                0x00000000000057e8                _flash_driver_api_list_end = .

fpga_driver_api_area
                0x00000000000057e8        0x0
                0x00000000000057e8                _fpga_driver_api_list_start = .
 *(SORT_BY_NAME(SORT_BY_ALIGNMENT(._fpga_driver_api.static.*)))
                0x00000000000057e8                _fpga_driver_api_list_end = .

fuel_gauge_driver_api_area
                0x00000000000057e8        0x0
                0x00000000000057e8                _fuel_gauge_driver_api_list_start = .
 *(SORT_BY_NAME(SORT_BY_ALIGNMENT(._fuel_gauge_driver_api.static.*)))
                0x00000000000057e8                _fuel_gauge_driver_api_list_end = .

gnss_driver_api_area
                0x00000000000057e8        0x0